Archive member included because of file (symbol)

D:\Workspace\autoever_osek\can_based_OSEK_OS_TEST\erika\lib\libee.a(ee_tc_cstart.c.o)
                              (__TRICORE_DERIVATE_NAME__)
D:\Workspace\autoever_osek\can_based_OSEK_OS_TEST\erika\lib\libee.a(ee_tc_system.c.o)
                              obj/ee_applcfg.c.o (osEE_tricore_system_timer_handler)
D:\Workspace\autoever_osek\can_based_OSEK_OS_TEST\erika\lib\libee.a(ee_tc_trapvec.c.o)
                              D:\Workspace\autoever_osek\can_based_OSEK_OS_TEST\erika\lib\libee.a(ee_tc_cstart.c.o) (__TRAPTAB)
D:\Workspace\autoever_osek\can_based_OSEK_OS_TEST\erika\lib\libee.a(ee_tc_intvec.c.o)
                              D:\Workspace\autoever_osek\can_based_OSEK_OS_TEST\erika\lib\libee.a(ee_tc_cstart.c.o) (__INTTAB0)
D:\Workspace\autoever_osek\can_based_OSEK_OS_TEST\erika\lib\libee.a(ee_oo_api_osek.c.o)
                              obj/main.c.o (StartOS)
D:\Workspace\autoever_osek\can_based_OSEK_OS_TEST\erika\lib\libee.a(ee_oo_sched_entry_points.c.o)
                              obj/ee_applcfg.c.o (osEE_idle_hook_wrapper)
D:\Workspace\autoever_osek\can_based_OSEK_OS_TEST\erika\lib\libee.a(ee_oo_scheduler.c.o)
                              D:\Workspace\autoever_osek\can_based_OSEK_OS_TEST\erika\lib\libee.a(ee_oo_api_osek.c.o) (osEE_scheduler_core_pop_running)
D:\Workspace\autoever_osek\can_based_OSEK_OS_TEST\erika\lib\libee.a(ee_oo_kernel.c.o)
                              D:\Workspace\autoever_osek\can_based_OSEK_OS_TEST\erika\lib\libee.a(ee_oo_api_osek.c.o) (osEE_task_activated)
D:\Workspace\autoever_osek\can_based_OSEK_OS_TEST\erika\lib\libee.a(ee_oo_sched_partitioned.c.o)
                              D:\Workspace\autoever_osek\can_based_OSEK_OS_TEST\erika\lib\libee.a(ee_oo_api_osek.c.o) (osEE_scheduler_task_activated)
D:\Workspace\autoever_osek\can_based_OSEK_OS_TEST\erika\lib\libee.a(ee_oo_counter.c.o)
                              D:\Workspace\autoever_osek\can_based_OSEK_OS_TEST\erika\lib\libee.a(ee_tc_system.c.o) (osEE_counter_increment)
D:\Workspace\autoever_osek\can_based_OSEK_OS_TEST\erika\lib\libee.a(ee_oo_alarm.c.o)
                              D:\Workspace\autoever_osek\can_based_OSEK_OS_TEST\erika\lib\libee.a(ee_oo_api_osek.c.o) (osEE_alarm_set_rel)
D:\Workspace\autoever_osek\can_based_OSEK_OS_TEST\erika\lib\libee.a(ee_std_change_context.c.o)
                              D:\Workspace\autoever_osek\can_based_OSEK_OS_TEST\erika\lib\libee.a(ee_oo_api_osek.c.o) (osEE_change_context_from_running)
D:\Workspace\autoever_osek\can_based_OSEK_OS_TEST\erika\lib\libee.a(ee_tc_hal.c.o)
                              D:\Workspace\autoever_osek\can_based_OSEK_OS_TEST\erika\lib\libee.a(ee_oo_api_osek.c.o) (osEE_cpu_startos)
D:\Workspace\autoever_osek\can_based_OSEK_OS_TEST\erika\lib\libee.a(ee_tc_ctx.c.o)
                              D:\Workspace\autoever_osek\can_based_OSEK_OS_TEST\erika\lib\libee.a(ee_std_change_context.c.o) (osEE_hal_ready2stacked)
c:/hightec/toolchains/tricore/v4.9.3.0-infineon-1.0/bin/../lib/gcc/tricore/4.9.4/../../../../tricore/lib/tc161\libc.a(lib_a-atoi.o)
                              obj/bsw/drivers/asclin.c.o (atoi)
c:/hightec/toolchains/tricore/v4.9.3.0-infineon-1.0/bin/../lib/gcc/tricore/4.9.4/../../../../tricore/lib/tc161\libc.a(lib_a-strchr.o)
                              obj/bsw/drivers/asclin.c.o (strchr)
c:/hightec/toolchains/tricore/v4.9.3.0-infineon-1.0/bin/../lib/gcc/tricore/4.9.4/../../../../tricore/lib/tc161\libc.a(lib_a-strlen.o)
                              obj/bsw/drivers/asclin.c.o (strlen)
c:/hightec/toolchains/tricore/v4.9.3.0-infineon-1.0/bin/../lib/gcc/tricore/4.9.4/../../../../tricore/lib/tc161\libc.a(lib_a-strtol.o)
                              c:/hightec/toolchains/tricore/v4.9.3.0-infineon-1.0/bin/../lib/gcc/tricore/4.9.4/../../../../tricore/lib/tc161\libc.a(lib_a-atoi.o) (_strtol_r)
c:/hightec/toolchains/tricore/v4.9.3.0-infineon-1.0/bin/../lib/gcc/tricore/4.9.4/../../../../tricore/lib/tc161\libc.a(lib_a-vsprintf.o)
                              obj/bsw/drivers/asclin.c.o (vsprintf)
c:/hightec/toolchains/tricore/v4.9.3.0-infineon-1.0/bin/../lib/gcc/tricore/4.9.4/../../../../tricore/lib/tc161\libc.a(lib_a-ctype_.o)
                              c:/hightec/toolchains/tricore/v4.9.3.0-infineon-1.0/bin/../lib/gcc/tricore/4.9.4/../../../../tricore/lib/tc161\libc.a(lib_a-strtol.o) (__ctype_ptr__)
c:/hightec/toolchains/tricore/v4.9.3.0-infineon-1.0/bin/../lib/gcc/tricore/4.9.4/../../../../tricore/lib/tc161\libc.a(lib_a-impure.o)
                              c:/hightec/toolchains/tricore/v4.9.3.0-infineon-1.0/bin/../lib/gcc/tricore/4.9.4/../../../../tricore/lib/tc161\libc.a(lib_a-strtol.o) (_impure_ptr)
c:/hightec/toolchains/tricore/v4.9.3.0-infineon-1.0/bin/../lib/gcc/tricore/4.9.4/../../../../tricore/lib/tc161\libc.a(lib_a-svfprintf.o)
[...]
Memory Configuration

Name             Origin             Length             Used               Free               Attributes
DMI_DSPR2_local  0x00000000d0000000 0x000000000001e000         0x0000000000000000         0x000000000001e000 w !xpc2
DMI_DSPR2        0x0000000050000000 0x000000000001e000         0x000000000001dc00         0x0000000000000400 w !xpc2
PMI_PSPR2        0x0000000050100000 0x0000000000006000         0x0000000000002000         0x0000000000004000 xw !pc2
DMI_DSPR1_local  0x00000000d0000000 0x000000000001e000         0x0000000000000000         0x000000000001e000 w !xpc1
DMI_DSPR1        0x0000000060000000 0x000000000001e000         0x000000000001dc00         0x0000000000000400 w !xpc1
PMI_PSPR1        0x0000000060100000 0x0000000000006000         0x0000000000000000         0x0000000000006000 xw !pc1
DMI_DSPR0_local  0x00000000d0000000 0x000000000001c000         0x0000000000000000         0x000000000001c000 w !xpc0
DMI_DSPR0        0x0000000070000000 0x000000000001c000         0x000000000001bc00         0x0000000000000400 w !xpc0
PMI_PSPR0        0x0000000070100000 0x0000000000006000         0x0000000000000000         0x0000000000006000 xw !pc0
PMI_PSRAM_local  0x00000000c0000000 0x0000000000006000         0x0000000000000000         0x0000000000006000 xw !p
PMU_PFLASH       0x0000000080000000 0x0000000000400000         0x0000000000013bc0         0x00000000003ec440 xr !p
PMU_PFLASH_nc    0x00000000a0000000 0x0000000000400000         0x0000000000000000         0x0000000000400000 xr !p
PMU_DFLASH0      0x00000000af000000 0x0000000000104000         0x0000000000000000         0x0000000000104000 r !xp
PMU_DFLASH1      0x00000000af110000 0x0000000000010000         0x0000000000000000         0x0000000000010000 r !xp
LMU_SRAM         0x0000000090000000 0x0000000000008000         0x0000000000000000         0x0000000000008000 w !xp
LMU_SRAM_nc      0x00000000b0000000 0x0000000000008000         0x0000000000000000         0x0000000000008000 w !xp
EDMEM            0x000000009f000000 0x0000000000100000         0x0000000000000000         0x0000000000100000 w !xp
EDMEM_nc         0x00000000bf000000 0x0000000000100000         0x0000000000000000         0x0000000000100000 w !xp
BROM             0x000000008fff8000 0x0000000000008000         0x0000000000000000         0x0000000000008000 xr !p
*default*        0x0000000000000000 0xffffffffffffffff         0x0000000000000000         0xffffffffffffffff

List of aliases

DMI_DSPR0       : GLOBAL_RAM

Memory region maps:

CORE     Local Region   Global Region
CPU0     0xd0000000     0x70000000
CPU1     0xd0000000     0x60000000
CPU2     0xd0000000     0x50000000


Linker script and memory map

LOAD obj/ASW.c.o
LOAD obj/CAN_DB.c.o
LOAD obj/COM.c.o
LOAD obj/Driver_Can.c.o
LOAD obj/SWC_DB.c.o
LOAD obj/bsw/CompilerGcc.c.o
LOAD obj/bsw/CompilerGhs.c.o
LOAD obj/bsw/CompilerGnuc.c.o
LOAD obj/bsw/CompilerTasking.c.o
LOAD obj/bsw/IfxCpu_cfg.c.o
LOAD obj/bsw/IfxMultican.c.o
LOAD obj/bsw/IfxMultican_Can.c.o
LOAD obj/bsw/IfxMultican_PinMap.c.o
LOAD obj/bsw/IfxMultican_cfg.c.o
LOAD obj/bsw/IfxPort.c.o
LOAD obj/bsw/IfxPort_PinMap.c.o
LOAD obj/bsw/IfxPort_cfg.c.o
LOAD obj/bsw/IfxScuCcu.c.o
LOAD obj/bsw/IfxScuWdt.c.o
LOAD obj/bsw/IfxScu_cfg.c.o
LOAD obj/bsw/drivers/asclin.c.o
LOAD obj/bsw/drivers/gpt12.c.o
LOAD obj/bsw/drivers/vadc.c.o
LOAD obj/bsw/etc/etc.c.o
LOAD obj/bsw/io/Buzzer.c.o
LOAD obj/bsw/io/GPIO.c.o
LOAD obj/bsw/io/Motor.c.o
LOAD obj/bsw/io/ToF.c.o
LOAD obj/bsw/io/Ultrasonic.c.o
LOAD obj/bsw/system/interrupts.c.o
LOAD obj/bsw/system/system_tc27x.c.o
LOAD obj/ee_applcfg.c.o
LOAD obj/main.c.o
START GROUP
LOAD D:\Workspace\autoever_osek\can_based_OSEK_OS_TEST\erika\lib\libee.a
END GROUP
LOAD c:/hightec/toolchains/tricore/v4.9.3.0-infineon-1.0/bin/../lib/gcc/tricore/4.9.4/tc161\libgcc.a
LOAD c:/hightec/toolchains/tricore/v4.9.3.0-infineon-1.0/bin/../lib/gcc/tricore/4.9.4/../../../../tricore/lib/tc161\libc.a
LOAD c:/hightec/toolchains/tricore/v4.9.3.0-infineon-1.0/bin/../lib/gcc/tricore/4.9.4/../../../../tricore/lib/tc161\libos.a
LOAD c:/hightec/toolchains/tricore/v4.9.3.0-infineon-1.0/bin/../lib/gcc/tricore/4.9.4/../../../../tricore/lib/tc161\libm.a
LOAD c:/hightec/toolchains/tricore/v4.9.3.0-infineon-1.0/bin/../lib/gcc/tricore/4.9.4/../../../../tricore/lib/tc161\libc.a
LOAD c:/hightec/toolchains/tricore/v4.9.3.0-infineon-1.0/bin/../lib/gcc/tricore/4.9.4/tc161\libgcc.a
                0x0000000000002700                __TRICORE_DERIVATE_MEMORY_MAP__ = 0x2700
                [0x0000000000002000]                __CSA_SIZE = DEFINED (__CSA_SIZE)?__CSA_SIZE:0x2000
                [0x0000000000000400]                __ISTACK_SIZE = DEFINED (__ISTACK_SIZE)?__ISTACK_SIZE:0x400
                [0x0000000000001000]                __USTACK_SIZE = DEFINED (__USTACK_SIZE)?__USTACK_SIZE:0x1000
                [0x0000000000000000]                __HEAP_SIZE = DEFINED (__HEAP_SIZE)?__HEAP_SIZE:0x0
                [0x0000000000002000]                __CSA0_SIZE = DEFINED (__CSA0_SIZE)?__CSA0_SIZE:__CSA_SIZE
                [0x0000000000000400]                __ISTACK0_SIZE = DEFINED (__ISTACK0_SIZE)?__ISTACK0_SIZE:__ISTACK_SIZE
                [0x0000000000001000]                __USTACK0_SIZE = DEFINED (__USTACK0_SIZE)?__USTACK0_SIZE:__USTACK_SIZE
                [0x0000000000002000]                __CSA1_SIZE = DEFINED (__CSA1_SIZE)?__CSA1_SIZE:__CSA_SIZE
                [0x0000000000000400]                __ISTACK1_SIZE = DEFINED (__ISTACK1_SIZE)?__ISTACK1_SIZE:__ISTACK_SIZE
                [0x0000000000001000]                __USTACK1_SIZE = DEFINED (__USTACK1_SIZE)?__USTACK1_SIZE:__USTACK_SIZE
                [0x0000000000002000]                __CSA2_SIZE = DEFINED (__CSA2_SIZE)?__CSA2_SIZE:__CSA_SIZE
                [0x0000000000000400]                __ISTACK2_SIZE = DEFINED (__ISTACK2_SIZE)?__ISTACK2_SIZE:__ISTACK_SIZE
                [0x0000000000001000]                __USTACK2_SIZE = DEFINED (__USTACK2_SIZE)?__USTACK2_SIZE:__USTACK_SIZE
                0x0000000050000000                __DSPR2_START = 0x50000000
                0x0000000060000000                __DSPR1_START = 0x60000000
                0x0000000070000000                __DSPR0_START = 0x70000000
                0x000000000001e000                __DSPR2_SIZE = 0x1e000
                0x000000000001e000                __DSPR1_SIZE = 0x1e000
                0x000000000001c000                __DSPR0_SIZE = 0x1c000
                0x0000000000019c00                __CSA0_OFFSET = ((__DSPR0_SIZE - 0x400) - __CSA0_SIZE)
                0x0000000000019700                __ISTACK0_OFFSET = ((__CSA0_OFFSET - 0x100) - __ISTACK0_SIZE)
                0x0000000000018600                __USTACK0_OFFSET = ((__ISTACK0_OFFSET - 0x100) - __USTACK0_SIZE)
                0x000000000001bc00                __CSA1_OFFSET = ((__DSPR1_SIZE - 0x400) - __CSA1_SIZE)
                0x000000000001b700                __ISTACK1_OFFSET = ((__CSA1_OFFSET - 0x100) - __ISTACK1_SIZE)
                0x000000000001a600                __USTACK1_OFFSET = ((__ISTACK1_OFFSET - 0x100) - __USTACK1_SIZE)
                0x000000000001bc00                __CSA2_OFFSET = ((__DSPR2_SIZE - 0x400) - __CSA2_SIZE)
                0x000000000001b700                __ISTACK2_OFFSET = ((__CSA2_OFFSET - 0x100) - __ISTACK2_SIZE)
                0x000000000001a600                __USTACK2_OFFSET = ((__ISTACK2_OFFSET - 0x100) - __USTACK2_SIZE)

.bmhd0          memory region -> PMU_PFLASH
                0x0000000080000000        0x0
                0x0000000080000000                BootModeHeader0 = .
 *(.bmhd0)

.bmhd1          memory region -> PMU_PFLASH
                0x0000000080020000        0x0
                0x0000000080020000                BootModeHeader1 = .
 *(.bmhd1)

.startup        memory region -> PMU_PFLASH
                0x0000000080000020        0x6
                0x0000000080000020                BootModeIndex = .
 *(.startup)
 .startup       0x0000000080000020        0x6 D:\Workspace\autoever_osek\can_based_OSEK_OS_TEST\erika\lib\libee.a(ee_tc_cstart.c.o)
                0x0000000080000020                _start

.zrodata
 *(.zrodata)
 *(.zrodata.*)

.sdata2         memory region -> PMU_PFLASH
                0x0000000080000026        0x0
 *(.srodata)
 *(.srodata.*)
                0x0000000080008000                _SMALL_DATA2_ = SIZEOF (.sdata2)?(ADDR (.sdata2) + 0x8000):((ADDR (.sdata2) & 0xf0000000) + 0x8000)
                0x0000000080008000                __A1_MEM = _SMALL_DATA2_

.rodata         memory region -> PMU_PFLASH
                0x0000000080000028      0xee0
 *(.rodata)
 .rodata        0x0000000080000028       0xa9 obj/COM.c.o
 *fill*         0x00000000800000d1        0x3 00
 .rodata        0x00000000800000d4       0xf4 obj/Driver_Can.c.o
                0x00000000800001c0                dataHigh
                0x00000000800001c4                dataLow
 .rodata        0x00000000800001c8      0x348 obj/bsw/IfxMultican_PinMap.c.o
                0x00000000800001c8                IfxMultican_TXD3_P32_3_OUT
                0x00000000800001dc                IfxMultican_TXD3_P20_3_OUT
                0x00000000800001f0                IfxMultican_TXD3_P20_10_OUT
                0x0000000080000204                IfxMultican_TXD3_P11_12_OUT
                0x0000000080000218                IfxMultican_TXD3_P00_2_OUT
                0x000000008000022c                IfxMultican_TXD2_P32_5_OUT
                0x0000000080000240                IfxMultican_TXD2_P15_0_OUT
                0x0000000080000254                IfxMultican_TXD2_P14_10_OUT
                0x0000000080000268                IfxMultican_TXD2_P10_3_OUT
                0x000000008000027c                IfxMultican_TXD2_P02_2_OUT
                0x0000000080000290                IfxMultican_TXD1_P15_2_OUT
                0x00000000800002a4                IfxMultican_TXD1_P14_0_OUT
                0x00000000800002b8                IfxMultican_TXD1_P02_9_OUT
                0x00000000800002cc                IfxMultican_TXD1_P01_3_OUT
                0x00000000800002e0                IfxMultican_TXD1_P00_0_OUT
                0x00000000800002f4                IfxMultican_TXD0_P34_1_OUT
                0x0000000080000308                IfxMultican_TXD0_P33_8_OUT
                0x000000008000031c                IfxMultican_TXD0_P20_8_OUT
                0x0000000080000330                IfxMultican_TXD0_P12_1_OUT
                0x0000000080000344                IfxMultican_TXD0_P02_5_OUT
                0x0000000080000358                IfxMultican_TXD0_P02_0_OUT
                0x000000008000036c                IfxMultican_RXD3E_P20_9_IN
                0x0000000080000380                IfxMultican_RXD3D_P11_10_IN
                0x0000000080000394                IfxMultican_RXD3C_P20_0_IN
                0x00000000800003a8                IfxMultican_RXD3B_P32_2_IN
                0x00000000800003bc                IfxMultican_RXD3A_P00_3_IN
                0x00000000800003d0                IfxMultican_RXD2E_P10_2_IN
                0x00000000800003e4                IfxMultican_RXD2D_P14_8_IN
                0x00000000800003f8                IfxMultican_RXD2C_P32_6_IN
                0x000000008000040c                IfxMultican_RXD2B_P02_3_IN
                0x0000000080000420                IfxMultican_RXD2A_P15_1_IN
                0x0000000080000434                IfxMultican_RXD1E_P02_10_IN
                0x0000000080000448                IfxMultican_RXD1D_P00_1_IN
                0x000000008000045c                IfxMultican_RXD1C_P01_4_IN
                0x0000000080000470                IfxMultican_RXD1B_P14_1_IN
                0x0000000080000484                IfxMultican_RXD1A_P15_3_IN
                0x0000000080000498                IfxMultican_RXD0G_P34_2_IN
                0x00000000800004ac                IfxMultican_RXD0E_P33_7_IN
                0x00000000800004c0                IfxMultican_RXD0D_P02_4_IN
                0x00000000800004d4                IfxMultican_RXD0C_P12_0_IN
                0x00000000800004e8                IfxMultican_RXD0B_P20_7_IN
                0x00000000800004fc                IfxMultican_RXD0A_P02_1_IN
 .rodata        0x0000000080000510        0x8 obj/bsw/IfxMultican_cfg.c.o
                0x0000000080000510                IfxMultican_cfg_indexMap
 .rodata        0x0000000080000518      0x100 obj/bsw/IfxPort_cfg.c.o
                0x0000000080000518                IfxPort_cfg_indexMap
                0x0000000080000598                IfxPort_cfg_esrMasks
 .rodata        0x0000000080000618       0x80 obj/bsw/IfxScuCcu.c.o
                0x0000000080000618                IfxScuCcu_defaultErayPllConfig
                0x0000000080000620                IfxScuCcu_defaultClockConfig
 .rodata        0x0000000080000698       0x38 obj/bsw/drivers/asclin.c.o
 .rodata        0x00000000800006d0      0x274 obj/ee_applcfg.c.o
                0x00000000800006d0                osEE_kdb_var
                0x00000000800006f4                osEE_cdb_var
 .rodata        0x0000000080000944       0x31 obj/main.c.o
 .rodata        0x0000000080000975      0x281 c:/hightec/toolchains/tricore/v4.9.3.0-infineon-1.0/bin/../lib/gcc/tricore/4.9.4/../../../../tricore/lib/tc161\libc.a(lib_a-ctype_.o)
                0x0000000080000975                _ctype_
 *fill*         0x0000000080000bf6        0x2 00
 .rodata        0x0000000080000bf8        0x8 c:/hightec/toolchains/tricore/v4.9.3.0-infineon-1.0/bin/../lib/gcc/tricore/4.9.4/../../../../tricore/lib/tc161\libc.a(lib_a-impure.o)
                0x0000000080000bf8                _global_impure_ptr
 .rodata        0x0000000080000c00       0x54 c:/hightec/toolchains/tricore/v4.9.3.0-infineon-1.0/bin/../lib/gcc/tricore/4.9.4/../../../../tricore/lib/tc161\libc.a(lib_a-svfprintf.o)
 .rodata        0x0000000080000c54        0xf c:/hightec/toolchains/tricore/v4.9.3.0-infineon-1.0/bin/../lib/gcc/tricore/4.9.4/../../../../tricore/lib/tc161\libc.a(lib_a-dtoa.o)
 *fill*         0x0000000080000c63        0x1 00
 .rodata        0x0000000080000c64       0x44 c:/hightec/toolchains/tricore/v4.9.3.0-infineon-1.0/bin/../lib/gcc/tricore/4.9.4/../../../../tricore/lib/tc161\libc.a(lib_a-locale.o)
 .rodata        0x0000000080000ca8      0x124 c:/hightec/toolchains/tricore/v4.9.3.0-infineon-1.0/bin/../lib/gcc/tricore/4.9.4/../../../../tricore/lib/tc161\libc.a(lib_a-mprec.o)
                0x0000000080000cb4                __mprec_tinytens
                0x0000000080000cdc                __mprec_bigtens
                0x0000000080000d04                __mprec_tens
 .rodata        0x0000000080000dcc       0x14 c:/hightec/toolchains/tricore/v4.9.3.0-infineon-1.0/bin/../lib/gcc/tricore/4.9.4/tc161\libgcc.a(_thenan_df.o)
                0x0000000080000dcc                __thenan_df
 *(.rodata.*)
 *(.gnu.linkonce.r.*)
                0x0000000080000de0                . = ALIGN (0x4)
                0x0000000080000de0                PROVIDE (__clear_table, .)
                0x0000000080000de0        0x4 LONG 0x50000000 (0x0 + ADDR (.CPU2.zbss))
                0x0000000080000de4        0x4 LONG 0x0 SIZEOF (.CPU2.zbss)
                0x0000000080000de8        0x4 LONG 0x50000000 (0x0 + ADDR (.CPU2.bss))
                0x0000000080000dec        0x4 LONG 0x0 SIZEOF (.CPU2.bss)
                0x0000000080000df0        0x4 LONG 0x60000000 (0x0 + ADDR (.CPU1.zbss))
                0x0000000080000df4        0x4 LONG 0x0 SIZEOF (.CPU1.zbss)
                0x0000000080000df8        0x4 LONG 0x60000000 (0x0 + ADDR (.CPU1.bss))
                0x0000000080000dfc        0x4 LONG 0x0 SIZEOF (.CPU1.bss)
                0x0000000080000e00        0x4 LONG 0x700050d8 (0x0 + ADDR (.CPU0.zbss))
                0x0000000080000e04        0x4 LONG 0x0 SIZEOF (.CPU0.zbss)
                0x0000000080000e08        0x4 LONG 0x700050d8 (0x0 + ADDR (.CPU0.bss))
                0x0000000080000e0c        0x4 LONG 0x0 SIZEOF (.CPU0.bss)
                0x0000000080000e10        0x4 LONG 0x70000000 (0x0 + ADDR (.zbss))
                0x0000000080000e14        0x4 LONG 0x0 SIZEOF (.zbss)
                0x0000000080000e18        0x4 LONG 0x70000000 (0x0 + ADDR (.sbss))
                0x0000000080000e1c        0x4 LONG 0x0 SIZEOF (.sbss)
                0x0000000080000e20        0x4 LONG 0x70001ca8 (0x0 + ADDR (.bss))
                0x0000000080000e24        0x4 LONG 0x3430 SIZEOF (.bss)
                0x0000000080000e28        0x4 LONG 0xb0000000 (0x0 + ADDR (.lmu_zbss))
                0x0000000080000e2c        0x4 LONG 0x0 SIZEOF (.lmu_zbss)
                0x0000000080000e30        0x4 LONG 0xb0000000 (0x0 + ADDR (.lmu_sbss))
                0x0000000080000e34        0x4 LONG 0x0 SIZEOF (.lmu_sbss)
                0x0000000080000e38        0x4 LONG 0xb0000000 (0x0 + ADDR (.lmu_bss))
                0x0000000080000e3c        0x4 LONG 0x0 SIZEOF (.lmu_bss)
                0x0000000080000e40        0x4 LONG 0xffffffffffffffff
                0x0000000080000e44        0x4 LONG 0xffffffffffffffff
                0x0000000080000e48                PROVIDE (__copy_table, .)
                0x0000000080000e48        0x4 LONG 0x80013bc0 LOADADDR (.CPU2.zdata)
                0x0000000080000e4c        0x4 LONG 0x50000000 ADDR (.CPU2.zdata)
                0x0000000080000e50        0x4 LONG 0x0 SIZEOF (.CPU2.zdata)
                0x0000000080000e54        0x4 LONG 0x80013bc0 LOADADDR (.CPU2.data)
                0x0000000080000e58        0x4 LONG 0x50000000 ADDR (.CPU2.data)
                0x0000000080000e5c        0x4 LONG 0x0 SIZEOF (.CPU2.data)
                0x0000000080000e60        0x4 LONG 0x80013bc0 LOADADDR (.CPU1.zdata)
                0x0000000080000e64        0x4 LONG 0x60000000 ADDR (.CPU1.zdata)
                0x0000000080000e68        0x4 LONG 0x0 SIZEOF (.CPU1.zdata)
                0x0000000080000e6c        0x4 LONG 0x80013bc0 LOADADDR (.CPU1.data)
                0x0000000080000e70        0x4 LONG 0x60000000 ADDR (.CPU1.data)
                0x0000000080000e74        0x4 LONG 0x0 SIZEOF (.CPU1.data)
                0x0000000080000e78        0x4 LONG 0x80013bc0 LOADADDR (.CPU0.zdata)
                0x0000000080000e7c        0x4 LONG 0x700050d8 ADDR (.CPU0.zdata)
                0x0000000080000e80        0x4 LONG 0x0 SIZEOF (.CPU0.zdata)
                0x0000000080000e84        0x4 LONG 0x80013bc0 LOADADDR (.CPU0.data)
                0x0000000080000e88        0x4 LONG 0x700050d8 ADDR (.CPU0.data)
                0x0000000080000e8c        0x4 LONG 0x0 SIZEOF (.CPU0.data)
                0x0000000080000e90        0x4 LONG 0x80011f18 LOADADDR (.zdata)
                0x0000000080000e94        0x4 LONG 0x70000000 ADDR (.zdata)
                0x0000000080000e98        0x4 LONG 0x0 SIZEOF (.zdata)
                0x0000000080000e9c        0x4 LONG 0x80011f18 LOADADDR (.sdata)
                0x0000000080000ea0        0x4 LONG 0x70000000 ADDR (.sdata)
                0x0000000080000ea4        0x4 LONG 0x0 SIZEOF (.sdata)
                0x0000000080000ea8        0x4 LONG 0x80011f18 LOADADDR (.data)
                0x0000000080000eac        0x4 LONG 0x70000000 ADDR (.data)
                0x0000000080000eb0        0x4 LONG 0x1ca8 SIZEOF (.data)
                0x0000000080000eb4        0x4 LONG 0x80013bc0 LOADADDR (.lmu_zdata)
                0x0000000080000eb8        0x4 LONG 0xb0000000 ADDR (.lmu_zdata)
                0x0000000080000ebc        0x4 LONG 0x0 SIZEOF (.lmu_zdata)
                0x0000000080000ec0        0x4 LONG 0x80013bc0 LOADADDR (.lmu_sdata)
                0x0000000080000ec4        0x4 LONG 0xb0000000 ADDR (.lmu_sdata)
                0x0000000080000ec8        0x4 LONG 0x0 SIZEOF (.lmu_sdata)
                0x0000000080000ecc        0x4 LONG 0x80013bc0 LOADADDR (.lmu_data)
                0x0000000080000ed0        0x4 LONG 0xb0000000 ADDR (.lmu_data)
                0x0000000080000ed4        0x4 LONG 0x0 SIZEOF (.lmu_data)
                0x0000000080000ed8        0x4 LONG 0x80013bc0 LOADADDR (.CPU0.psram_text)
                0x0000000080000edc        0x4 LONG 0x70100000 ADDR (.CPU0.psram_text)
                0x0000000080000ee0        0x4 LONG 0x0 SIZEOF (.CPU0.psram_text)
                0x0000000080000ee4        0x4 LONG 0x80013bc0 LOADADDR (.CPU1.psram_text)
                0x0000000080000ee8        0x4 LONG 0x60100000 ADDR (.CPU1.psram_text)
                0x0000000080000eec        0x4 LONG 0x0 SIZEOF (.CPU1.psram_text)
                0x0000000080000ef0        0x4 LONG 0x80013bc0 LOADADDR (.CPU2.psram_text)
                0x0000000080000ef4        0x4 LONG 0x50102000 ADDR (.CPU2.psram_text)
                0x0000000080000ef8        0x4 LONG 0x0 SIZEOF (.CPU2.psram_text)
                0x0000000080000efc        0x4 LONG 0xffffffffffffffff
                0x0000000080000f00        0x4 LONG 0xffffffffffffffff
                0x0000000080000f04        0x4 LONG 0xffffffffffffffff
                0x0000000080000f08                . = ALIGN (0x8)

.traptab        memory region -> PMU_PFLASH
                0x0000000080001000      0x200
 *(.traptab)
 .traptab       0x0000000080001000      0x100 c:/hightec/toolchains/tricore/v4.9.3.0-infineon-1.0/bin/../lib/gcc/tricore/4.9.4/../../../../tricore/lib/tc161\libos.a(ctraptab.o)
                0x0000000080001000                TriCore_trap_table
                0x0000000080001000                __trap_0
                0x0000000080001020                __trap_1
                0x0000000080001040                __trap_2
                0x0000000080001060                __trap_3
                0x0000000080001080                __trap_4
                0x00000000800010a0                __trap_5
                0x00000000800010c0                ___trap_6
                0x00000000800010e0                __trap_7
 *(.traptab*)
 .traptab_cpu0  0x0000000080001100      0x100 D:\Workspace\autoever_osek\can_based_OSEK_OS_TEST\erika\lib\libee.a(ee_tc_trapvec.c.o)
                0x0000000080001100                osEE_tc_trap_mmu
                0x0000000080001100                __TRAPTAB
                0x0000000080001120                osEE_tc_trap_protection
                0x0000000080001140                osEE_tc_trap_instruction
                0x0000000080001160                osEE_tc_trap_context
                0x0000000080001180                osEE_tc_trap_bus
                0x00000000800011a0                osEE_tc_trap_assertion
                0x00000000800011c0                osEE_tc_trap_system
                0x00000000800011e0                osEE_tc_trap_nmi
                0x0000000080001200                . = ALIGN (0x8)

.eh_frame       memory region -> PMU_PFLASH
                0x0000000080001200        0x0
 *(.gcc_except_table)
                0x0000000080001200                __EH_FRAME_BEGIN__ = .
 *(.eh_frame)
                0x0000000080001200                __EH_FRAME_END__ = .
 *(.jcr)
                0x0000000080001200                . = ALIGN (0x8)

.ctors          memory region -> PMU_PFLASH
                0x0000000080001200        0x8
                0x0000000080001200                __CTOR_LIST__ = .
                0x0000000080001200        0x4 LONG 0x0 (((__CTOR_END__ - __CTOR_LIST__) / 0x4) - 0x2)
 *(.ctors)
                0x0000000080001204        0x4 LONG 0x0
                0x0000000080001208                __CTOR_END__ = .
                0x0000000080001208                . = ALIGN (0x8)

.dtors          memory region -> PMU_PFLASH
                0x0000000080001208        0x8
                0x0000000080001208                __DTOR_LIST__ = .
                0x0000000080001208        0x4 LONG 0x0 (((__DTOR_END__ - __DTOR_LIST__) / 0x4) - 0x2)
 *(.dtors)
                0x000000008000120c        0x4 LONG 0x0
                0x0000000080001210                __DTOR_END__ = .
                0x0000000080001210                . = ALIGN (0x8)

.inttab_cpu0    memory region -> PMU_PFLASH
                0x0000000080002000     0x2000
 *(.inttab_cpu0)
 .inttab_cpu0   0x0000000080002000     0x2000 D:\Workspace\autoever_osek\can_based_OSEK_OS_TEST\erika\lib\libee.a(ee_tc_intvec.c.o)
                0x0000000080002000                __INTTAB0
                0x0000000080002020                osEE_tc_isr2_entry_1
                0x0000000080002040                osEE_tc_isr_dummy_entry_2
                0x0000000080002060                osEE_tc_isr_dummy_entry_3
                0x0000000080002080                osEE_tc_isr_dummy_entry_4
                0x00000000800020a0                osEE_tc_isr_dummy_entry_5
                0x00000000800020c0                osEE_tc_isr_dummy_entry_6
                0x00000000800020e0                osEE_tc_isr_dummy_entry_7
                0x0000000080002100                osEE_tc_isr_dummy_entry_8
                0x0000000080002120                osEE_tc_isr_dummy_entry_9
                0x0000000080002140                osEE_tc_isr_dummy_entry_10
                0x0000000080002160                osEE_tc_isr_dummy_entry_11
                0x0000000080002180                osEE_tc_isr_dummy_entry_12
                0x00000000800021a0                osEE_tc_isr_dummy_entry_13
                0x00000000800021c0                osEE_tc_isr_dummy_entry_14
                0x00000000800021e0                osEE_tc_isr_dummy_entry_15
                0x0000000080002200                osEE_tc_isr_dummy_entry_16
                0x0000000080002220                osEE_tc_isr_dummy_entry_17
                0x0000000080002240                osEE_tc_isr_dummy_entry_18
                0x0000000080002260                osEE_tc_isr_dummy_entry_19
                0x0000000080002280                osEE_tc_isr_dummy_entry_20
                0x00000000800022a0                osEE_tc_isr_dummy_entry_21
                0x00000000800022c0                osEE_tc_isr_dummy_entry_22
                0x00000000800022e0                osEE_tc_isr_dummy_entry_23
                0x0000000080002300                osEE_tc_isr_dummy_entry_24
                0x0000000080002320                osEE_tc_isr_dummy_entry_25
                0x0000000080002340                osEE_tc_isr_dummy_entry_26
                0x0000000080002360                osEE_tc_isr_dummy_entry_27
                0x0000000080002380                osEE_tc_isr_dummy_entry_28
                0x00000000800023a0                osEE_tc_isr_dummy_entry_29
                0x00000000800023c0                osEE_tc_isr_dummy_entry_30
                0x00000000800023e0                osEE_tc_isr_dummy_entry_31
                0x0000000080002400                osEE_tc_isr_dummy_entry_32
                0x0000000080002420                osEE_tc_isr_dummy_entry_33
                0x0000000080002440                osEE_tc_isr_dummy_entry_34
                0x0000000080002460                osEE_tc_isr_dummy_entry_35
                0x0000000080002480                osEE_tc_isr_dummy_entry_36
                0x00000000800024a0                osEE_tc_isr_dummy_entry_37
                0x00000000800024c0                osEE_tc_isr_dummy_entry_38
                0x00000000800024e0                osEE_tc_isr_dummy_entry_39
                0x0000000080002500                osEE_tc_isr_dummy_entry_40
                0x0000000080002520                osEE_tc_isr_dummy_entry_41
                0x0000000080002540                osEE_tc_isr_dummy_entry_42
                0x0000000080002560                osEE_tc_isr_dummy_entry_43
                0x0000000080002580                osEE_tc_isr_dummy_entry_44
                0x00000000800025a0                osEE_tc_isr_dummy_entry_45
                0x00000000800025c0                osEE_tc_isr_dummy_entry_46
                0x00000000800025e0                osEE_tc_isr_dummy_entry_47
                0x0000000080002600                osEE_tc_isr_dummy_entry_48
                0x0000000080002620                osEE_tc_isr_dummy_entry_49
                0x0000000080002640                osEE_tc_isr_dummy_entry_50
                0x0000000080002660                osEE_tc_isr_dummy_entry_51
                0x0000000080002680                osEE_tc_isr_dummy_entry_52
                0x00000000800026a0                osEE_tc_isr_dummy_entry_53
                0x00000000800026c0                osEE_tc_isr_dummy_entry_54
                0x00000000800026e0                osEE_tc_isr_dummy_entry_55
                0x0000000080002700                osEE_tc_isr_dummy_entry_56
                0x0000000080002720                osEE_tc_isr_dummy_entry_57
                0x0000000080002740                osEE_tc_isr_dummy_entry_58
                0x0000000080002760                osEE_tc_isr_dummy_entry_59
                0x0000000080002780                osEE_tc_isr_dummy_entry_60
                0x00000000800027a0                osEE_tc_isr_dummy_entry_61
                0x00000000800027c0                osEE_tc_isr_dummy_entry_62
                0x00000000800027e0                osEE_tc_isr_dummy_entry_63
                0x0000000080002800                osEE_tc_isr_dummy_entry_64
                0x0000000080002820                osEE_tc_isr_dummy_entry_65
                0x0000000080002840                osEE_tc_isr_dummy_entry_66
                0x0000000080002860                osEE_tc_isr_dummy_entry_67
                0x0000000080002880                osEE_tc_isr_dummy_entry_68
                0x00000000800028a0                osEE_tc_isr_dummy_entry_69
                0x00000000800028c0                osEE_tc_isr_dummy_entry_70
                0x00000000800028e0                osEE_tc_isr_dummy_entry_71
                0x0000000080002900                osEE_tc_isr_dummy_entry_72
                0x0000000080002920                osEE_tc_isr_dummy_entry_73
                0x0000000080002940                osEE_tc_isr_dummy_entry_74
                0x0000000080002960                osEE_tc_isr_dummy_entry_75
                0x0000000080002980                osEE_tc_isr_dummy_entry_76
                0x00000000800029a0                osEE_tc_isr_dummy_entry_77
                0x00000000800029c0                osEE_tc_isr_dummy_entry_78
                0x00000000800029e0                osEE_tc_isr_dummy_entry_79
                0x0000000080002a00                osEE_tc_isr_dummy_entry_80
                0x0000000080002a20                osEE_tc_isr_dummy_entry_81
                0x0000000080002a40                osEE_tc_isr_dummy_entry_82
                0x0000000080002a60                osEE_tc_isr_dummy_entry_83
                0x0000000080002a80                osEE_tc_isr_dummy_entry_84
                0x0000000080002aa0                osEE_tc_isr_dummy_entry_85
                0x0000000080002ac0                osEE_tc_isr_dummy_entry_86
                0x0000000080002ae0                osEE_tc_isr_dummy_entry_87
                0x0000000080002b00                osEE_tc_isr_dummy_entry_88
                0x0000000080002b20                osEE_tc_isr_dummy_entry_89
                0x0000000080002b40                osEE_tc_isr_dummy_entry_90
                0x0000000080002b60                osEE_tc_isr_dummy_entry_91
                0x0000000080002b80                osEE_tc_isr_dummy_entry_92
                0x0000000080002ba0                osEE_tc_isr_dummy_entry_93
                0x0000000080002bc0                osEE_tc_isr_dummy_entry_94
                0x0000000080002be0                osEE_tc_isr_dummy_entry_95
                0x0000000080002c00                osEE_tc_isr_dummy_entry_96
                0x0000000080002c20                osEE_tc_isr_dummy_entry_97
                0x0000000080002c40                osEE_tc_isr_dummy_entry_98
                0x0000000080002c60                osEE_tc_isr_dummy_entry_99
                0x0000000080002c80                osEE_tc_isr_dummy_entry_100
                0x0000000080002ca0                osEE_tc_isr_dummy_entry_101
                0x0000000080002cc0                osEE_tc_isr_dummy_entry_102
                0x0000000080002ce0                osEE_tc_isr_dummy_entry_103
                0x0000000080002d00                osEE_tc_isr_dummy_entry_104
                0x0000000080002d20                osEE_tc_isr_dummy_entry_105
                0x0000000080002d40                osEE_tc_isr_dummy_entry_106
                0x0000000080002d60                osEE_tc_isr_dummy_entry_107
                0x0000000080002d80                osEE_tc_isr_dummy_entry_108
                0x0000000080002da0                osEE_tc_isr_dummy_entry_109
                0x0000000080002dc0                osEE_tc_isr_dummy_entry_110
                0x0000000080002de0                osEE_tc_isr_dummy_entry_111
                0x0000000080002e00                osEE_tc_isr_dummy_entry_112
                0x0000000080002e20                osEE_tc_isr_dummy_entry_113
                0x0000000080002e40                osEE_tc_isr_dummy_entry_114
                0x0000000080002e60                osEE_tc_isr_dummy_entry_115
                0x0000000080002e80                osEE_tc_isr_dummy_entry_116
                0x0000000080002ea0                osEE_tc_isr_dummy_entry_117
                0x0000000080002ec0                osEE_tc_isr_dummy_entry_118
                0x0000000080002ee0                osEE_tc_isr_dummy_entry_119
                0x0000000080002f00                osEE_tc_isr_dummy_entry_120
                0x0000000080002f20                osEE_tc_isr_dummy_entry_121
                0x0000000080002f40                osEE_tc_isr_dummy_entry_122
                0x0000000080002f60                osEE_tc_isr_dummy_entry_123
                0x0000000080002f80                osEE_tc_isr_dummy_entry_124
                0x0000000080002fa0                osEE_tc_isr_dummy_entry_125
                0x0000000080002fc0                osEE_tc_isr_dummy_entry_126
                0x0000000080002fe0                osEE_tc_isr_dummy_entry_127
                0x0000000080003000                osEE_tc_isr_dummy_entry_128
                0x0000000080003020                osEE_tc_isr_dummy_entry_129
                0x0000000080003040                osEE_tc_isr_dummy_entry_130
                0x0000000080003060                osEE_tc_isr_dummy_entry_131
                0x0000000080003080                osEE_tc_isr_dummy_entry_132
                0x00000000800030a0                osEE_tc_isr_dummy_entry_133
                0x00000000800030c0                osEE_tc_isr_dummy_entry_134
                0x00000000800030e0                osEE_tc_isr_dummy_entry_135
                0x0000000080003100                osEE_tc_isr_dummy_entry_136
                0x0000000080003120                osEE_tc_isr_dummy_entry_137
                0x0000000080003140                osEE_tc_isr_dummy_entry_138
                0x0000000080003160                osEE_tc_isr_dummy_entry_139
                0x0000000080003180                osEE_tc_isr_dummy_entry_140
                0x00000000800031a0                osEE_tc_isr_dummy_entry_141
                0x00000000800031c0                osEE_tc_isr_dummy_entry_142
                0x00000000800031e0                osEE_tc_isr_dummy_entry_143
                0x0000000080003200                osEE_tc_isr_dummy_entry_144
                0x0000000080003220                osEE_tc_isr_dummy_entry_145
                0x0000000080003240                osEE_tc_isr_dummy_entry_146
                0x0000000080003260                osEE_tc_isr_dummy_entry_147
                0x0000000080003280                osEE_tc_isr_dummy_entry_148
                0x00000000800032a0                osEE_tc_isr_dummy_entry_149
                0x00000000800032c0                osEE_tc_isr_dummy_entry_150
                0x00000000800032e0                osEE_tc_isr_dummy_entry_151
                0x0000000080003300                osEE_tc_isr_dummy_entry_152
                0x0000000080003320                osEE_tc_isr_dummy_entry_153
                0x0000000080003340                osEE_tc_isr_dummy_entry_154
                0x0000000080003360                osEE_tc_isr_dummy_entry_155
                0x0000000080003380                osEE_tc_isr_dummy_entry_156
                0x00000000800033a0                osEE_tc_isr_dummy_entry_157
                0x00000000800033c0                osEE_tc_isr_dummy_entry_158
                0x00000000800033e0                osEE_tc_isr_dummy_entry_159
                0x0000000080003400                osEE_tc_isr_dummy_entry_160
                0x0000000080003420                osEE_tc_isr_dummy_entry_161
                0x0000000080003440                osEE_tc_isr_dummy_entry_162
                0x0000000080003460                osEE_tc_isr_dummy_entry_163
                0x0000000080003480                osEE_tc_isr_dummy_entry_164
                0x00000000800034a0                osEE_tc_isr_dummy_entry_165
                0x00000000800034c0                osEE_tc_isr_dummy_entry_166
                0x00000000800034e0                osEE_tc_isr_dummy_entry_167
                0x0000000080003500                osEE_tc_isr_dummy_entry_168
                0x0000000080003520                osEE_tc_isr_dummy_entry_169
                0x0000000080003540                osEE_tc_isr_dummy_entry_170
                0x0000000080003560                osEE_tc_isr_dummy_entry_171
                0x0000000080003580                osEE_tc_isr_dummy_entry_172
                0x00000000800035a0                osEE_tc_isr_dummy_entry_173
                0x00000000800035c0                osEE_tc_isr_dummy_entry_174
                0x00000000800035e0                osEE_tc_isr_dummy_entry_175
                0x0000000080003600                osEE_tc_isr_dummy_entry_176
                0x0000000080003620                osEE_tc_isr_dummy_entry_177
                0x0000000080003640                osEE_tc_isr_dummy_entry_178
                0x0000000080003660                osEE_tc_isr_dummy_entry_179
                0x0000000080003680                osEE_tc_isr_dummy_entry_180
                0x00000000800036a0                osEE_tc_isr_dummy_entry_181
                0x00000000800036c0                osEE_tc_isr_dummy_entry_182
                0x00000000800036e0                osEE_tc_isr_dummy_entry_183
                0x0000000080003700                osEE_tc_isr_dummy_entry_184
                0x0000000080003720                osEE_tc_isr_dummy_entry_185
                0x0000000080003740                osEE_tc_isr_dummy_entry_186
                0x0000000080003760                osEE_tc_isr_dummy_entry_187
                0x0000000080003780                osEE_tc_isr_dummy_entry_188
                0x00000000800037a0                osEE_tc_isr_dummy_entry_189
                0x00000000800037c0                osEE_tc_isr_dummy_entry_190
                0x00000000800037e0                osEE_tc_isr_dummy_entry_191
                0x0000000080003800                osEE_tc_isr_dummy_entry_192
                0x0000000080003820                osEE_tc_isr_dummy_entry_193
                0x0000000080003840                osEE_tc_isr_dummy_entry_194
                0x0000000080003860                osEE_tc_isr_dummy_entry_195
                0x0000000080003880                osEE_tc_isr_dummy_entry_196
                0x00000000800038a0                osEE_tc_isr_dummy_entry_197
                0x00000000800038c0                osEE_tc_isr_dummy_entry_198
                0x00000000800038e0                osEE_tc_isr_dummy_entry_199
                0x0000000080003900                osEE_tc_isr_dummy_entry_200
                0x0000000080003920                osEE_tc_isr_dummy_entry_201
                0x0000000080003940                osEE_tc_isr_dummy_entry_202
                0x0000000080003960                osEE_tc_isr_dummy_entry_203
                0x0000000080003980                osEE_tc_isr_dummy_entry_204
                0x00000000800039a0                osEE_tc_isr_dummy_entry_205
                0x00000000800039c0                osEE_tc_isr_dummy_entry_206
                0x00000000800039e0                osEE_tc_isr_dummy_entry_207
                0x0000000080003a00                osEE_tc_isr_dummy_entry_208
                0x0000000080003a20                osEE_tc_isr_dummy_entry_209
                0x0000000080003a40                osEE_tc_isr_dummy_entry_210
                0x0000000080003a60                osEE_tc_isr_dummy_entry_211
                0x0000000080003a80                osEE_tc_isr_dummy_entry_212
                0x0000000080003aa0                osEE_tc_isr_dummy_entry_213
                0x0000000080003ac0                osEE_tc_isr_dummy_entry_214
                0x0000000080003ae0                osEE_tc_isr_dummy_entry_215
                0x0000000080003b00                osEE_tc_isr_dummy_entry_216
                0x0000000080003b20                osEE_tc_isr_dummy_entry_217
                0x0000000080003b40                osEE_tc_isr_dummy_entry_218
                0x0000000080003b60                osEE_tc_isr_dummy_entry_219
                0x0000000080003b80                osEE_tc_isr_dummy_entry_220
                0x0000000080003ba0                osEE_tc_isr_dummy_entry_221
                0x0000000080003bc0                osEE_tc_isr_dummy_entry_222
                0x0000000080003be0                osEE_tc_isr_dummy_entry_223
                0x0000000080003c00                osEE_tc_isr_dummy_entry_224
                0x0000000080003c20                osEE_tc_isr_dummy_entry_225
                0x0000000080003c40                osEE_tc_isr_dummy_entry_226
                0x0000000080003c60                osEE_tc_isr_dummy_entry_227
                0x0000000080003c80                osEE_tc_isr_dummy_entry_228
                0x0000000080003ca0                osEE_tc_isr_dummy_entry_229
                0x0000000080003cc0                osEE_tc_isr_dummy_entry_230
                0x0000000080003ce0                osEE_tc_isr_dummy_entry_231
                0x0000000080003d00                osEE_tc_isr_dummy_entry_232
                0x0000000080003d20                osEE_tc_isr_dummy_entry_233
                0x0000000080003d40                osEE_tc_isr_dummy_entry_234
                0x0000000080003d60                osEE_tc_isr_dummy_entry_235
                0x0000000080003d80                osEE_tc_isr_dummy_entry_236
                0x0000000080003da0                osEE_tc_isr_dummy_entry_237
                0x0000000080003dc0                osEE_tc_isr_dummy_entry_238
                0x0000000080003de0                osEE_tc_isr_dummy_entry_239
                0x0000000080003e00                osEE_tc_isr_dummy_entry_240
                0x0000000080003e20                osEE_tc_isr_dummy_entry_241
                0x0000000080003e40                osEE_tc_isr_dummy_entry_242
                0x0000000080003e60                osEE_tc_isr_dummy_entry_243
                0x0000000080003e80                osEE_tc_isr_dummy_entry_244
                0x0000000080003ea0                osEE_tc_isr_dummy_entry_245
                0x0000000080003ec0                osEE_tc_isr_dummy_entry_246
                0x0000000080003ee0                osEE_tc_isr_dummy_entry_247
                0x0000000080003f00                osEE_tc_isr_dummy_entry_248
                0x0000000080003f20                osEE_tc_isr_dummy_entry_249
                0x0000000080003f40                osEE_tc_isr_dummy_entry_250
                0x0000000080003f60                osEE_tc_isr_dummy_entry_251
                0x0000000080003f80                osEE_tc_isr_dummy_entry_252
                0x0000000080003fa0                osEE_tc_isr_dummy_entry_253
                0x0000000080003fc0                osEE_tc_isr_dummy_entry_254
                0x0000000080003fe0                osEE_tc_isr_dummy_entry_255
 *(.*.inttab_cpu0)
                0x0000000080004000                . = ALIGN (0x8)

.text           memory region -> PMU_PFLASH
                0x0000000080004000     0xdf18
                0x0000000080004000                PROVIDE (__text_start, .)
 *(.text)
 .text          0x0000000080004000       0x40 obj/ASW.c.o
                0x0000000080004000                FuncTASK1
                0x000000008000402c                FuncTASK2
                0x0000000080004030                FuncTASK3
                0x0000000080004034                FuncTASK4
                0x0000000080004038                FuncTASK5
                0x000000008000403c                FuncTASK6
 .text          0x0000000080004040      0x2f2 obj/COM.c.o
                0x0000000080004040                Funcinner_COM
                0x0000000080004078                Funcouter_COM
 .text          0x0000000080004332      0x8d2 obj/Driver_Can.c.o
                0x0000000080004332                CAN_RxInt0Handler
                0x0000000080004576                Can_rx_data_extracter
                0x000000008000458c                Can_data_disassembler
                0x0000000080004652                Driver_Can_Tx_set
                0x00000000800046b2                isTxMsgObj_ready
                0x00000000800046c2                Driver_Can_Tx
                0x0000000080004728                Driver_Can_Txtest
                0x0000000080004750                Driver_Can_Init
 .text          0x0000000080004c04      0x1c4 obj/SWC_DB.c.o
                0x0000000080004c04                IM1_act_task
                0x0000000080004c0a                IM2_act_task
                0x0000000080004c10                swc_db_init
                0x0000000080004c42                im_to_sig
                0x0000000080004c52                sig_to_im
                0x0000000080004c62                writeIM_from_swc
                0x0000000080004cea                writeIM_from_sig
                0x0000000080004d6a                readIM
 .text          0x0000000080004dc8     0x1484 obj/bsw/IfxMultican.c.o
                0x0000000080004f04                IfxMultican_MsgObj_cancelSend
                0x0000000080004f1c                IfxMultican_MsgObj_clearStatusFlag
                0x0000000080004f28                IfxMultican_MsgObj_deinit
                0x0000000080004f80                IfxMultican_MsgObj_getPendingId
                0x0000000080004fa2                IfxMultican_MsgObj_getStatus
                0x0000000080004fa8                IfxMultican_MsgObj_getStatusFlag
                0x0000000080004fb2                IfxMultican_MsgObj_readLongFrame
                0x0000000080005034                IfxMultican_MsgObj_readMessage
                0x00000000800050dc                IfxMultican_MsgObj_sendLongFrame
                0x0000000080005264                IfxMultican_MsgObj_sendMessage
                0x00000000800052c2                IfxMultican_MsgObj_writeTxfifo
                0x000000008000532c                IfxMultican_MsgObj_setFilter
                0x0000000080005370                IfxMultican_MsgObj_setStatusFlag
                0x000000008000537e                IfxMultican_Node_deinit
                0x0000000080005398                IfxMultican_Node_initRxPin
                0x00000000800053ca                IfxMultican_Node_initTxPin
                0x00000000800053ee                IfxMultican_Node_recoverBusOff
                0x0000000080005458                IfxMultican_Node_setBitTiming
                0x0000000080005952                IfxMultican_Node_setFastBitTiming
                0x0000000080005e4c                IfxMultican_Node_setNominalBitTiming
                0x0000000080005fd8                IfxMultican_calcTimingFromBTR
                0x0000000080006044                IfxMultican_deinit
                0x00000000800061ae                IfxMultican_getSrcPointer
                0x00000000800061bc                IfxMultican_resetModule
                0x0000000080006202                IfxMultican_setListCommand
                0x000000008000621e                IfxMultican_getIndex
                0x0000000080006238                IfxMultican_getAddress
 .text          0x000000008000624c     0x14e2 obj/bsw/IfxMultican_Can.c.o
                0x000000008000624c                IfxMultican_Can_MsgObj_getConfig
                0x00000000800062d0                IfxMultican_Can_MsgObj_init
                0x0000000080006d34                IfxMultican_Can_MsgObj_initConfig
                0x0000000080006dca                IfxMultican_Can_MsgObj_isRxPending
                0x0000000080006df2                IfxMultican_Can_MsgObj_isTransmitRequested
                0x0000000080006e1a                IfxMultican_Can_MsgObj_isTxPending
                0x0000000080006e42                IfxMultican_Can_MsgObj_readMessage
                0x0000000080006e9a                IfxMultican_Can_MsgObj_sendMessage
                0x0000000080006f14                IfxMultican_Can_Node_getConfig
                0x0000000080006fc2                IfxMultican_Can_Node_init
                0x000000008000727e                IfxMultican_Can_Node_initConfig
                0x000000008000731a                IfxMultican_Can_Node_sendToBusOff
                0x00000000800073e0                IfxMultican_Can_getConfig
                0x000000008000747a                IfxMultican_Can_getModuleFrequency
                0x00000000800074f6                IfxMultican_Can_initModule
                0x00000000800076a8                IfxMultican_Can_initModuleConfig
 .text          0x000000008000772e      0x60c obj/bsw/IfxPort.c.o
                0x000000008000772e                IfxPort_disableEmergencyStop
                0x0000000080007822                IfxPort_enableEmergencyStop
                0x0000000080007882                IfxPort_getAddress
                0x00000000800078d0                IfxPort_getIndex
                0x0000000080007992                IfxPort_resetESR
                0x00000000800079ba                IfxPort_setESR
                0x00000000800079e4                IfxPort_setGroupModeInput
                0x0000000080007a98                IfxPort_setGroupModeOutput
                0x0000000080007b4e                IfxPort_setGroupPadDriver
                0x0000000080007bf2                IfxPort_setPinMode
                0x0000000080007c54                IfxPort_setPinModeLvdsHigh
                0x0000000080007cbc                IfxPort_setPinModeLvdsMedium
                0x0000000080007cfe                IfxPort_setPinPadDriver
 *fill*         0x0000000080007d3a        0x2 00
 .text          0x0000000080007d3c     0x24fc obj/bsw/IfxScuCcu.c.o
                0x0000000080007e20                IfxScuCcu_calculateSysPllDividers
                0x0000000080007f22                IfxScuCcu_getBaud1Frequency
                0x0000000080008092                IfxScuCcu_getBaud2Frequency
                0x0000000080008206                IfxScuCcu_getBbbFrequency
                0x0000000080008350                IfxScuCcu_getCpuFrequency
                0x00000000800084e0                IfxScuCcu_getFsi2Frequency
                0x000000008000866e                IfxScuCcu_getFsiFrequency
                0x00000000800087fe                IfxScuCcu_getMaxFrequency
                0x000000008000893e                IfxScuCcu_getModuleFrequency
                0x0000000080008ada                IfxScuCcu_getOsc0Frequency
                0x0000000080008ae8                IfxScuCcu_getOscFrequency
                0x0000000080008b1a                IfxScuCcu_getPllErayFrequency
                0x0000000080008bbe                IfxScuCcu_getPllErayVcoFrequency
                0x0000000080008c28                IfxScuCcu_getPllFrequency
                0x0000000080008cd4                IfxScuCcu_getPllVcoFrequency
                0x0000000080008d3e                IfxScuCcu_getSourceFrequency
                0x0000000080008df4                IfxScuCcu_getSpbFrequency
                0x0000000080008f3c                IfxScuCcu_getSriFrequency
                0x0000000080009084                IfxScuCcu_init
                0x0000000080009474                IfxScuCcu_initConfig
                0x0000000080009490                IfxScuCcu_initErayPll
                0x0000000080009628                IfxScuCcu_initErayPllConfig
                0x000000008000963a                IfxScuCcu_setCpuFrequency
                0x0000000080009822                IfxScuCcu_setGtmFrequency
                0x0000000080009a18                IfxScuCcu_setPll2ErayFrequency
                0x0000000080009b3a                IfxScuCcu_setPll2Frequency
                0x0000000080009c5c                IfxScuCcu_setSpbFrequency
                0x0000000080009dc2                IfxScuCcu_setSriFrequency
                0x0000000080009efe                IfxScuCcu_switchToBackupClock
                0x000000008000a118                IfxScuCcu_enableExtClockOut0
                0x000000008000a1d4                IfxScuCcu_enableExtClockOut1
 .text          0x000000008000a238      0x610 obj/bsw/IfxScuWdt.c.o
                0x000000008000a238                IfxScuWdt_changeCpuWatchdogPassword
                0x000000008000a270                IfxScuWdt_changeCpuWatchdogReload
                0x000000008000a2a8                IfxScuWdt_changeSafetyWatchdogPassword
                0x000000008000a2dc                IfxScuWdt_changeSafetyWatchdogReload
                0x000000008000a310                IfxScuWdt_clearCpuEndinit
                0x000000008000a346                IfxScuWdt_clearSafetyEndinit
                0x000000008000a378                IfxScuWdt_disableCpuWatchdog
                0x000000008000a3d2                IfxScuWdt_disableSafetyWatchdog
                0x000000008000a440                IfxScuWdt_enableCpuWatchdog
                0x000000008000a49c                IfxScuWdt_enableSafetyWatchdog
                0x000000008000a50c                IfxScuWdt_getCpuWatchdogPassword
                0x000000008000a52c                IfxScuWdt_getCpuWatchdogEndInit
                0x000000008000a548                IfxScuWdt_getSafetyWatchdogPassword
                0x000000008000a55c                IfxScuWdt_initConfig
                0x000000008000a576                IfxScuWdt_initCpuWatchdog
                0x000000008000a650                IfxScuWdt_initSafetyWatchdog
                0x000000008000a730                IfxScuWdt_serviceCpuWatchdog
                0x000000008000a766                IfxScuWdt_serviceSafetyWatchdog
                0x000000008000a798                IfxScuWdt_setCpuEndinit
                0x000000008000a7ce                IfxScuWdt_setSafetyEndinit
                0x000000008000a800                IfxScuWdt_enableWatchdogWithDebugger
 .text          0x000000008000a848      0xc5c obj/bsw/drivers/asclin.c.o
                0x000000008000a848                _init_uart3
                0x000000008000a8f4                _out_uart3
                0x000000008000a90a                _in_uart3
                0x000000008000a936                _poll_uart3
                0x000000008000a964                usr_vsprintf
                0x000000008000afba                usr_sprintf
                0x000000008000afc0                my_puts
                0x000000008000affe                my_printf
                0x000000008000b096                my_scanf
                0x000000008000b246                remove_null
                0x000000008000b2a6                _init_uart1
                0x000000008000b338                _in_uart1
                0x000000008000b36c                _poll_uart1
                0x000000008000b3a0                _init_uart0
                0x000000008000b41c                _in_uart0
                0x000000008000b454                _poll_uart0
                0x000000008000b48e                _out_uart0
 .text          0x000000008000b4a4       0x56 obj/bsw/etc/etc.c.o
                0x000000008000b4a4                delay_ms
 .text          0x000000008000b4fa      0x21c obj/bsw/io/GPIO.c.o
                0x000000008000b4fa                Init_GPIO
                0x000000008000b55c                setLED1
                0x000000008000b576                setLED2
                0x000000008000b590                toggleLED1
                0x000000008000b5ae                toggleLED2
                0x000000008000b5cc                getSW1
                0x000000008000b5dc                getSW2
                0x000000008000b5ec                getSW1_Debounce
                0x000000008000b680                getSW2_Debounce
 .text          0x000000008000b716      0x114 obj/bsw/io/ToF.c.o
                0x000000008000b716                Init_ToF
                0x000000008000b71a                IsrUart1RxHandler_tof
                0x000000008000b75c                getTofDistance
 .text          0x000000008000b82a       0x50 obj/bsw/system/interrupts.c.o
                0x000000008000b82a                InterruptInit
                0x000000008000b834                InterruptInstall
 .text          0x000000008000b87a      0x69e obj/bsw/system/system_tc27x.c.o
                0x000000008000b87a                SYSTEM_Init
                0x000000008000bb16                SYSTEM_GetExtClock
                0x000000008000bb20                SYSTEM_GetCpuClock
                0x000000008000bbe0                SYSTEM_GetSysClock
                0x000000008000bc70                SYSTEM_GetStmClock
                0x000000008000bd00                SYSTEM_GetCanClock
                0x000000008000bd8e                SYSTEM_EnableInterrupts
                0x000000008000bd94                SYSTEM_DisableInterrupts
                0x000000008000bd9a                SYSTEM_EnableProtection
                0x000000008000bd9e                SYSTEM_DisableProtection
                0x000000008000bda2                SYSTEM_EnableProtectionExt
                0x000000008000bdae                SYSTEM_DisableProtectionExt
                0x000000008000bdba                SYSTEM_EnableSecProtection
                0x000000008000bdbe                SYSTEM_DisableSecProtection
                0x000000008000bdc2                SYSTEM_Reset
                0x000000008000bdda                SYSTEM_IdleExt
                0x000000008000be2e                SYSTEM_Idle
                0x000000008000be86                SYSTEM_Sleep
                0x000000008000bed6                SYSTEM_IsCacheEnabled
                0x000000008000beec                SYSTEM_EnaDisCache
                0x000000008000bf16                SYSTEM_DbgBreak
 .text          0x000000008000bf18       0x8a obj/main.c.o
                0x000000008000bf18                StartupHook
                0x000000008000bf24                FuncCAN_Tx
                0x000000008000bf7c                FuncUART_Echo
                0x000000008000bf80                main
 .text          0x000000008000bfa2      0x46a D:\Workspace\autoever_osek\can_based_OSEK_OS_TEST\erika\lib\libee.a(ee_tc_cstart.c.o)
                0x000000008000bfa2                osEE_tc_core0_start
 .text          0x000000008000c40c      0x5c2 D:\Workspace\autoever_osek\can_based_OSEK_OS_TEST\erika\lib\libee.a(ee_tc_system.c.o)
                0x000000008000c40c                osEE_tricore_system_timer_handler
                0x000000008000c458                osEE_tc_initialize_system_timer
                0x000000008000c4f0                osEE_tc_set_pll_fsource
                0x000000008000c6d2                osEE_tc_get_fsource
                0x000000008000c76e                osEE_tc_stm_set_clockpersec
                0x000000008000c82c                osEE_tc_stm_set_sr1
                0x000000008000c8f4                osEE_tc_stm_set_sr1_next_match
                0x000000008000c960                osEE_tc_delay
 .text          0x000000008000c9ce        0xc D:\Workspace\autoever_osek\can_based_OSEK_OS_TEST\erika\lib\libee.a(ee_tc_intvec.c.o)
 *fill*         0x000000008000c9da        0x2 00
 .text          0x000000008000c9dc      0xa10 D:\Workspace\autoever_osek\can_based_OSEK_OS_TEST\erika\lib\libee.a(ee_oo_api_osek.c.o)
                0x000000008000c9dc                DisableAllInterrupts
                0x000000008000c9f0                EnableAllInterrupts
                0x000000008000ca0a                SuspendAllInterrupts
                0x000000008000ca62                ResumeAllInterrupts
                0x000000008000ca86                SuspendOSInterrupts
                0x000000008000caec                ResumeOSInterrupts
                0x000000008000cb24                StartOS
                0x000000008000cbba                GetActiveApplicationMode
                0x000000008000cbd4                ActivateTask
                0x000000008000cc3c                ChainTask
                0x000000008000ccea                TerminateTask
                0x000000008000cd3a                Schedule
                0x000000008000cda4                GetResource
                0x000000008000ce44                ReleaseResource
                0x000000008000cee6                ShutdownOS
                0x000000008000cf4e                GetTaskID
                0x000000008000cfa2                GetTaskState
                0x000000008000d010                SetRelAlarm
                0x000000008000d06a                SetAbsAlarm
                0x000000008000d0c4                CancelAlarm
                0x000000008000d116                GetAlarm
                0x000000008000d170                GetAlarmBase
                0x000000008000d1a0                WaitEvent
                0x000000008000d204                SetEvent
                0x000000008000d27e                GetEvent
                0x000000008000d2aa                ClearEvent
                0x000000008000d2f0                GetCounterValue
                0x000000008000d31c                GetElapsedValue
                0x000000008000d366                IncrementCounter
                0x000000008000d3d4                GetISRID
 .text          0x000000008000d3ec       0xe2 D:\Workspace\autoever_osek\can_based_OSEK_OS_TEST\erika\lib\libee.a(ee_oo_sched_entry_points.c.o)
                0x000000008000d3ec                osEE_scheduler_task_wrapper_restore
                0x000000008000d3f4                osEE_scheduler_task_wrapper_run
                0x000000008000d4b2                osEE_idle_hook_wrapper
 .text          0x000000008000d4ce      0x180 D:\Workspace\autoever_osek\can_based_OSEK_OS_TEST\erika\lib\libee.a(ee_oo_scheduler.c.o)
                0x000000008000d4ce                osEE_scheduler_rq_insert
                0x000000008000d50a                osEE_scheduler_core_rq_preempt_stk
                0x000000008000d56e                osEE_sn_priority_insert
                0x000000008000d5e2                osEE_scheduler_core_pop_running
 .text          0x000000008000d64e       0x6e D:\Workspace\autoever_osek\can_based_OSEK_OS_TEST\erika\lib\libee.a(ee_oo_kernel.c.o)
                0x000000008000d64e                osEE_task_activated
                0x000000008000d666                osEE_task_end
                0x000000008000d67e                osEE_task_event_set_mask
                0x000000008000d69e                osEE_activate_isr2
 .text          0x000000008000d6bc      0x1c8 D:\Workspace\autoever_osek\can_based_OSEK_OS_TEST\erika\lib\libee.a(ee_oo_sched_partitioned.c.o)
                0x000000008000d6bc                osEE_scheduler_task_activated
                0x000000008000d720                osEE_scheduler_task_insert
                0x000000008000d748                osEE_scheduler_task_unblocked
                0x000000008000d78c                osEE_scheduler_task_terminated
                0x000000008000d81c                osEE_scheduler_task_preemption_point
                0x000000008000d840                osEE_scheduler_task_set_running
 .text          0x000000008000d884      0x250 D:\Workspace\autoever_osek\can_based_OSEK_OS_TEST\erika\lib\libee.a(ee_oo_counter.c.o)
                0x000000008000d884                osEE_counter_insert_rel_trigger
                0x000000008000d8fc                osEE_counter_insert_abs_trigger
                0x000000008000d95c                osEE_counter_cancel_trigger
                0x000000008000d980                osEE_counter_increment
 .text          0x000000008000dad4       0xc8 D:\Workspace\autoever_osek\can_based_OSEK_OS_TEST\erika\lib\libee.a(ee_oo_alarm.c.o)
                0x000000008000dad4                osEE_alarm_set_rel
                0x000000008000db1e                osEE_alarm_set_abs
                0x000000008000db44                osEE_alarm_cancel
                0x000000008000db6c                osEE_alarm_get
 .text          0x000000008000db9c       0x50 D:\Workspace\autoever_osek\can_based_OSEK_OS_TEST\erika\lib\libee.a(ee_std_change_context.c.o)
                0x000000008000db9c                osEE_change_context_from_running
                0x000000008000dbb6                osEE_change_context_from_task_end
                0x000000008000dbca                osEE_idle_task_terminate
 .text          0x000000008000dbec       0x7c D:\Workspace\autoever_osek\can_based_OSEK_OS_TEST\erika\lib\libee.a(ee_tc_hal.c.o)
                0x000000008000dbec                osEE_cpu_startos
 .text          0x000000008000dc68      0x134 D:\Workspace\autoever_osek\can_based_OSEK_OS_TEST\erika\lib\libee.a(ee_tc_ctx.c.o)
                0x000000008000dc8a                osEE_hal_save_ctx_and_restore_ctx
                0x000000008000dcae                osEE_hal_restore_ctx
                0x000000008000dcc8                osEE_hal_save_ctx_and_ready2stacked
                0x000000008000dcec                osEE_hal_ready2stacked
                0x000000008000dd18                osEE_tc_change_context_from_isr2_end
                0x000000008000dd36                osEE_hal_terminate_ctx
 .text          0x000000008000dd9c       0x1c c:/hightec/toolchains/tricore/v4.9.3.0-infineon-1.0/bin/../lib/gcc/tricore/4.9.4/../../../../tricore/lib/tc161\libos.a(int1.o)
                0x000000008000dd9c                __interrupt_1
 .text          0x000000008000ddb8       0x2a c:/hightec/toolchains/tricore/v4.9.3.0-infineon-1.0/bin/../lib/gcc/tricore/4.9.4/../../../../tricore/lib/tc161\libos.a(trap6.o)
                0x000000008000ddb8                __trap_6
 *(.text.*)
 .text.atoi     0x000000008000dde2        0xa c:/hightec/toolchains/tricore/v4.9.3.0-infineon-1.0/bin/../lib/gcc/tricore/4.9.4/../../../../tricore/lib/tc161\libc.a(lib_a-atoi.o)
                0x000000008000dde2                atoi
 .text.strchr   0x000000008000ddec       0x1c c:/hightec/toolchains/tricore/v4.9.3.0-infineon-1.0/bin/../lib/gcc/tricore/4.9.4/../../../../tricore/lib/tc161\libc.a(lib_a-strchr.o)
                0x000000008000ddec                strchr
 .text.strlen   0x000000008000de08       0x14 c:/hightec/toolchains/tricore/v4.9.3.0-infineon-1.0/bin/../lib/gcc/tricore/4.9.4/../../../../tricore/lib/tc161\libc.a(lib_a-strlen.o)
                0x000000008000de08                strlen
 .text._strtol_r
                0x000000008000de1c      0x106 c:/hightec/toolchains/tricore/v4.9.3.0-infineon-1.0/bin/../lib/gcc/tricore/4.9.4/../../../../tricore/lib/tc161\libc.a(lib_a-strtol.o)
                0x000000008000de1c                _strtol_r
 .text.strtol   0x000000008000df22       0x12 c:/hightec/toolchains/tricore/v4.9.3.0-infineon-1.0/bin/../lib/gcc/tricore/4.9.4/../../../../tricore/lib/tc161\libc.a(lib_a-strtol.o)
                0x000000008000df22                strtol
 .text._vsprintf_r
                0x000000008000df34       0x28 c:/hightec/toolchains/tricore/v4.9.3.0-infineon-1.0/bin/../lib/gcc/tricore/4.9.4/../../../../tricore/lib/tc161\libc.a(lib_a-vsprintf.o)
                0x000000008000df34                _vsprintf_r
 .text.vsprintf
                0x000000008000df5c       0x16 c:/hightec/toolchains/tricore/v4.9.3.0-infineon-1.0/bin/../lib/gcc/tricore/4.9.4/../../../../tricore/lib/tc161\libc.a(lib_a-vsprintf.o)
                0x000000008000df5c                vsprintf
 *fill*         0x000000008000df72        0x2 00
 .text._svfprintf_r
                0x000000008000df74     0x11a4 c:/hightec/toolchains/tricore/v4.9.3.0-infineon-1.0/bin/../lib/gcc/tricore/4.9.4/../../../../tricore/lib/tc161\libc.a(lib_a-svfprintf.o)
                0x000000008000df74                _svfprintf_r
 .text.quorem   0x000000008000f118      0x11a c:/hightec/toolchains/tricore/v4.9.3.0-infineon-1.0/bin/../lib/gcc/tricore/4.9.4/../../../../tricore/lib/tc161\libc.a(lib_a-dtoa.o)
 *fill*         0x000000008000f232        0x2 00
 .text._dtoa_r  0x000000008000f234      0xcd4 c:/hightec/toolchains/tricore/v4.9.3.0-infineon-1.0/bin/../lib/gcc/tricore/4.9.4/../../../../tricore/lib/tc161\libc.a(lib_a-dtoa.o)
                0x000000008000f234                _dtoa_r
 .text._localeconv_r
                0x000000008000ff08        0xa c:/hightec/toolchains/tricore/v4.9.3.0-infineon-1.0/bin/../lib/gcc/tricore/4.9.4/../../../../tricore/lib/tc161\libc.a(lib_a-locale.o)
                0x000000008000ff08                _localeconv_r
 .text._malloc_r
                0x000000008000ff12      0x49a c:/hightec/toolchains/tricore/v4.9.3.0-infineon-1.0/bin/../lib/gcc/tricore/4.9.4/../../../../tricore/lib/tc161\libc.a(lib_a-mallocr.o)
                0x000000008000ff12                _malloc_r
 .text.memchr   0x00000000800103ac       0x18 c:/hightec/toolchains/tricore/v4.9.3.0-infineon-1.0/bin/../lib/gcc/tricore/4.9.4/../../../../tricore/lib/tc161\libc.a(lib_a-memchr.o)
                0x00000000800103ac                memchr
 .text.memcpy   0x00000000800103c4       0x1c c:/hightec/toolchains/tricore/v4.9.3.0-infineon-1.0/bin/../lib/gcc/tricore/4.9.4/../../../../tricore/lib/tc161\libc.a(lib_a-memcpy.o)
                0x00000000800103c4                memcpy
 .text.__malloc_lock
                0x00000000800103e0        0x2 c:/hightec/toolchains/tricore/v4.9.3.0-infineon-1.0/bin/../lib/gcc/tricore/4.9.4/../../../../tricore/lib/tc161\libc.a(lib_a-mlock.o)
                0x00000000800103e0                __malloc_lock
 .text.__malloc_unlock
                0x00000000800103e2        0x2 c:/hightec/toolchains/tricore/v4.9.3.0-infineon-1.0/bin/../lib/gcc/tricore/4.9.4/../../../../tricore/lib/tc161\libc.a(lib_a-mlock.o)
                0x00000000800103e2                __malloc_unlock
 .text._Balloc  0x00000000800103e4       0x56 c:/hightec/toolchains/tricore/v4.9.3.0-infineon-1.0/bin/../lib/gcc/tricore/4.9.4/../../../../tricore/lib/tc161\libc.a(lib_a-mprec.o)
                0x00000000800103e4                _Balloc
 .text._Bfree   0x000000008001043a       0x12 c:/hightec/toolchains/tricore/v4.9.3.0-infineon-1.0/bin/../lib/gcc/tricore/4.9.4/../../../../tricore/lib/tc161\libc.a(lib_a-mprec.o)
                0x000000008001043a                _Bfree
 .text.__multadd
                0x000000008001044c       0x82 c:/hightec/toolchains/tricore/v4.9.3.0-infineon-1.0/bin/../lib/gcc/tricore/4.9.4/../../../../tricore/lib/tc161\libc.a(lib_a-mprec.o)
                0x000000008001044c                __multadd
 .text.__hi0bits
                0x00000000800104ce       0x42 c:/hightec/toolchains/tricore/v4.9.3.0-infineon-1.0/bin/../lib/gcc/tricore/4.9.4/../../../../tricore/lib/tc161\libc.a(lib_a-mprec.o)
                0x00000000800104ce                __hi0bits
 .text.__lo0bits
                0x0000000080010510       0x66 c:/hightec/toolchains/tricore/v4.9.3.0-infineon-1.0/bin/../lib/gcc/tricore/4.9.4/../../../../tricore/lib/tc161\libc.a(lib_a-mprec.o)
                0x0000000080010510                __lo0bits
 .text.__i2b    0x0000000080010576       0x10 c:/hightec/toolchains/tricore/v4.9.3.0-infineon-1.0/bin/../lib/gcc/tricore/4.9.4/../../../../tricore/lib/tc161\libc.a(lib_a-mprec.o)
                0x0000000080010576                __i2b
 .text.__multiply
                0x0000000080010586      0x11a c:/hightec/toolchains/tricore/v4.9.3.0-infineon-1.0/bin/../lib/gcc/tricore/4.9.4/../../../../tricore/lib/tc161\libc.a(lib_a-mprec.o)
                0x0000000080010586                __multiply
 .text.__pow5mult
                0x00000000800106a0       0x7c c:/hightec/toolchains/tricore/v4.9.3.0-infineon-1.0/bin/../lib/gcc/tricore/4.9.4/../../../../tricore/lib/tc161\libc.a(lib_a-mprec.o)
                0x00000000800106a0                __pow5mult
 .text.__lshift
                0x000000008001071c       0xba c:/hightec/toolchains/tricore/v4.9.3.0-infineon-1.0/bin/../lib/gcc/tricore/4.9.4/../../../../tricore/lib/tc161\libc.a(lib_a-mprec.o)
                0x000000008001071c                __lshift
 .text.__mcmp   0x00000000800107d6       0x42 c:/hightec/toolchains/tricore/v4.9.3.0-infineon-1.0/bin/../lib/gcc/tricore/4.9.4/../../../../tricore/lib/tc161\libc.a(lib_a-mprec.o)
                0x00000000800107d6                __mcmp
 .text.__mdiff  0x0000000080010818       0xca c:/hightec/toolchains/tricore/v4.9.3.0-infineon-1.0/bin/../lib/gcc/tricore/4.9.4/../../../../tricore/lib/tc161\libc.a(lib_a-mprec.o)
                0x0000000080010818                __mdiff
 .text.__d2b    0x00000000800108e2       0xa8 c:/hightec/toolchains/tricore/v4.9.3.0-infineon-1.0/bin/../lib/gcc/tricore/4.9.4/../../../../tricore/lib/tc161\libc.a(lib_a-mprec.o)
                0x00000000800108e2                __d2b
 .text.__fpclassifyd
                0x000000008001098a       0x42 c:/hightec/toolchains/tricore/v4.9.3.0-infineon-1.0/bin/../lib/gcc/tricore/4.9.4/../../../../tricore/lib/tc161\libc.a(lib_a-s_fpclassify.o)
                0x000000008001098a                __fpclassifyd
 .text._sbrk_r  0x00000000800109cc       0x1e c:/hightec/toolchains/tricore/v4.9.3.0-infineon-1.0/bin/../lib/gcc/tricore/4.9.4/../../../../tricore/lib/tc161\libc.a(lib_a-sbrkr.o)
                0x00000000800109cc                _sbrk_r
 .text.__ssprint_r
                0x00000000800109ea       0xf0 c:/hightec/toolchains/tricore/v4.9.3.0-infineon-1.0/bin/../lib/gcc/tricore/4.9.4/../../../../tricore/lib/tc161\libc.a(lib_a-svfiprintf.o)
                0x00000000800109ea                __ssprint_r
 .text._calloc_r
                0x0000000080010ada       0x62 c:/hightec/toolchains/tricore/v4.9.3.0-infineon-1.0/bin/../lib/gcc/tricore/4.9.4/../../../../tricore/lib/tc161\libc.a(lib_a-callocr.o)
                0x0000000080010ada                _calloc_r
 .text._malloc_trim_r
                0x0000000080010b3c       0xba c:/hightec/toolchains/tricore/v4.9.3.0-infineon-1.0/bin/../lib/gcc/tricore/4.9.4/../../../../tricore/lib/tc161\libc.a(lib_a-freer.o)
                0x0000000080010b3c                _malloc_trim_r
 .text._free_r  0x0000000080010bf6      0x1ac c:/hightec/toolchains/tricore/v4.9.3.0-infineon-1.0/bin/../lib/gcc/tricore/4.9.4/../../../../tricore/lib/tc161\libc.a(lib_a-freer.o)
                0x0000000080010bf6                _free_r
 .text.memmove  0x0000000080010da2       0x50 c:/hightec/toolchains/tricore/v4.9.3.0-infineon-1.0/bin/../lib/gcc/tricore/4.9.4/../../../../tricore/lib/tc161\libc.a(lib_a-memmove.o)
                0x0000000080010da2                memmove
 .text.memset   0x0000000080010df2       0x10 c:/hightec/toolchains/tricore/v4.9.3.0-infineon-1.0/bin/../lib/gcc/tricore/4.9.4/../../../../tricore/lib/tc161\libc.a(lib_a-memset.o)
                0x0000000080010df2                memset
 .text._realloc_r
                0x0000000080010e02      0x3f0 c:/hightec/toolchains/tricore/v4.9.3.0-infineon-1.0/bin/../lib/gcc/tricore/4.9.4/../../../../tricore/lib/tc161\libc.a(lib_a-reallocr.o)
                0x0000000080010e02                _realloc_r
 .text.__int_handler
                0x00000000800111f2        0x2 c:/hightec/toolchains/tricore/v4.9.3.0-infineon-1.0/bin/../lib/gcc/tricore/4.9.4/../../../../tricore/lib/tc161\libos.a(cint.o)
                0x00000000800111f2                __int_handler
 .text.__class_0_trap_handler
                0x00000000800111f4        0xe c:/hightec/toolchains/tricore/v4.9.3.0-infineon-1.0/bin/../lib/gcc/tricore/4.9.4/../../../../tricore/lib/tc161\libos.a(cint.o)
 .text.tsim_abort
                0x0000000080011202       0x1a c:/hightec/toolchains/tricore/v4.9.3.0-infineon-1.0/bin/../lib/gcc/tricore/4.9.4/../../../../tricore/lib/tc161\libos.a(cint.o)
                0x0000000080011202                tsim_abort
 .text.__class_7_trap_handler
                0x000000008001121c        0xa c:/hightec/toolchains/tricore/v4.9.3.0-infineon-1.0/bin/../lib/gcc/tricore/4.9.4/../../../../tricore/lib/tc161\libos.a(cint.o)
 .text.__class_6_trap_handler
                0x0000000080011226        0xa c:/hightec/toolchains/tricore/v4.9.3.0-infineon-1.0/bin/../lib/gcc/tricore/4.9.4/../../../../tricore/lib/tc161\libos.a(cint.o)
 .text.__class_5_trap_handler
                0x0000000080011230        0xa c:/hightec/toolchains/tricore/v4.9.3.0-infineon-1.0/bin/../lib/gcc/tricore/4.9.4/../../../../tricore/lib/tc161\libos.a(cint.o)
 .text.__class_4_trap_handler
                0x000000008001123a        0xa c:/hightec/toolchains/tricore/v4.9.3.0-infineon-1.0/bin/../lib/gcc/tricore/4.9.4/../../../../tricore/lib/tc161\libos.a(cint.o)
 .text.__class_3_trap_handler
                0x0000000080011244        0xa c:/hightec/toolchains/tricore/v4.9.3.0-infineon-1.0/bin/../lib/gcc/tricore/4.9.4/../../../../tricore/lib/tc161\libos.a(cint.o)
 .text.__class_2_trap_handler
                0x000000008001124e        0xa c:/hightec/toolchains/tricore/v4.9.3.0-infineon-1.0/bin/../lib/gcc/tricore/4.9.4/../../../../tricore/lib/tc161\libos.a(cint.o)
 .text.__class_1_trap_handler
                0x0000000080011258        0xa c:/hightec/toolchains/tricore/v4.9.3.0-infineon-1.0/bin/../lib/gcc/tricore/4.9.4/../../../../tricore/lib/tc161\libos.a(cint.o)
 .text._install_int_handler
                0x0000000080011262       0x26 c:/hightec/toolchains/tricore/v4.9.3.0-infineon-1.0/bin/../lib/gcc/tricore/4.9.4/../../../../tricore/lib/tc161\libos.a(cint.o)
                0x0000000080011262                _install_int_handler
 .text._init_vectab
                0x0000000080011288       0xac c:/hightec/toolchains/tricore/v4.9.3.0-infineon-1.0/bin/../lib/gcc/tricore/4.9.4/../../../../tricore/lib/tc161\libos.a(cint.o)
                0x0000000080011288                _init_vectab
 .text.unlock_wdtcon
                0x0000000080011334       0x2c c:/hightec/toolchains/tricore/v4.9.3.0-infineon-1.0/bin/../lib/gcc/tricore/4.9.4/../../../../tricore/lib/tc161\libos.a(wdtcon.o)
                0x0000000080011334                unlock_wdtcon
 .text.lock_wdtcon
                0x0000000080011360       0x2c c:/hightec/toolchains/tricore/v4.9.3.0-infineon-1.0/bin/../lib/gcc/tricore/4.9.4/../../../../tricore/lib/tc161\libos.a(wdtcon.o)
                0x0000000080011360                lock_wdtcon
 .text.unlock_safety_wdtcon
                0x000000008001138c       0x20 c:/hightec/toolchains/tricore/v4.9.3.0-infineon-1.0/bin/../lib/gcc/tricore/4.9.4/../../../../tricore/lib/tc161\libos.a(wdtcon.o)
                0x000000008001138c                unlock_safety_wdtcon
 .text.lock_safety_wdtcon
                0x00000000800113ac       0x20 c:/hightec/toolchains/tricore/v4.9.3.0-infineon-1.0/bin/../lib/gcc/tricore/4.9.4/../../../../tricore/lib/tc161\libos.a(wdtcon.o)
                0x00000000800113ac                lock_safety_wdtcon
 .text._exit    0x00000000800113cc       0x10 c:/hightec/toolchains/tricore/v4.9.3.0-infineon-1.0/bin/../lib/gcc/tricore/4.9.4/../../../../tricore/lib/tc161\libos.a(libos_exit.o)
                0x00000000800113cc                _exit
 .text.sbrk     0x00000000800113dc       0x3c c:/hightec/toolchains/tricore/v4.9.3.0-infineon-1.0/bin/../lib/gcc/tricore/4.9.4/../../../../tricore/lib/tc161\libos.a(libos_sbrk.o)
                0x00000000800113dc                sbrk
 .text.__errno  0x0000000080011418        0xa c:/hightec/toolchains/tricore/v4.9.3.0-infineon-1.0/bin/../lib/gcc/tricore/4.9.4/../../../../tricore/lib/tc161\libos.a(libos.o)
                0x0000000080011418                __errno
 .text.abort    0x0000000080011422       0x12 c:/hightec/toolchains/tricore/v4.9.3.0-infineon-1.0/bin/../lib/gcc/tricore/4.9.4/../../../../tricore/lib/tc161\libos.a(libos_abort.o)
                0x0000000080011422                abort
 .text._fpadd_parts
                0x0000000080011434      0x19c c:/hightec/toolchains/tricore/v4.9.3.0-infineon-1.0/bin/../lib/gcc/tricore/4.9.4/tc161\libgcc.a(_addsub_df.o)
 .text.__adddf3
                0x00000000800115d0       0x38 c:/hightec/toolchains/tricore/v4.9.3.0-infineon-1.0/bin/../lib/gcc/tricore/4.9.4/tc161\libgcc.a(_addsub_df.o)
                0x00000000800115d0                __adddf3
 .text.__subdf3
                0x0000000080011608       0x40 c:/hightec/toolchains/tricore/v4.9.3.0-infineon-1.0/bin/../lib/gcc/tricore/4.9.4/tc161\libgcc.a(_addsub_df.o)
                0x0000000080011608                __subdf3
 .text.__muldf3
                0x0000000080011648      0x1a4 c:/hightec/toolchains/tricore/v4.9.3.0-infineon-1.0/bin/../lib/gcc/tricore/4.9.4/tc161\libgcc.a(_mul_df.o)
                0x0000000080011648                __muldf3
 .text.__divdf3
                0x00000000800117ec      0x118 c:/hightec/toolchains/tricore/v4.9.3.0-infineon-1.0/bin/../lib/gcc/tricore/4.9.4/tc161\libgcc.a(_div_df.o)
                0x00000000800117ec                __divdf3
 .text.__eqdf2  0x0000000080011904       0x40 c:/hightec/toolchains/tricore/v4.9.3.0-infineon-1.0/bin/../lib/gcc/tricore/4.9.4/tc161\libgcc.a(_eq_df.o)
                0x0000000080011904                __eqdf2
 .text.__nedf2  0x0000000080011944       0x40 c:/hightec/toolchains/tricore/v4.9.3.0-infineon-1.0/bin/../lib/gcc/tricore/4.9.4/tc161\libgcc.a(_ne_df.o)
                0x0000000080011944                __nedf2
 .text.__gtdf2  0x0000000080011984       0x40 c:/hightec/toolchains/tricore/v4.9.3.0-infineon-1.0/bin/../lib/gcc/tricore/4.9.4/tc161\libgcc.a(_gt_df.o)
                0x0000000080011984                __gtdf2
 .text.__gedf2  0x00000000800119c4       0x40 c:/hightec/toolchains/tricore/v4.9.3.0-infineon-1.0/bin/../lib/gcc/tricore/4.9.4/tc161\libgcc.a(_ge_df.o)
                0x00000000800119c4                __gedf2
 .text.__ltdf2  0x0000000080011a04       0x40 c:/hightec/toolchains/tricore/v4.9.3.0-infineon-1.0/bin/../lib/gcc/tricore/4.9.4/tc161\libgcc.a(_lt_df.o)
                0x0000000080011a04                __ltdf2
 .text.__floatsidf
                0x0000000080011a44       0x48 c:/hightec/toolchains/tricore/v4.9.3.0-infineon-1.0/bin/../lib/gcc/tricore/4.9.4/tc161\libgcc.a(_si_to_df.o)
                0x0000000080011a44                __floatsidf
 .text.__fixdfsi
                0x0000000080011a8c       0x4e c:/hightec/toolchains/tricore/v4.9.3.0-infineon-1.0/bin/../lib/gcc/tricore/4.9.4/tc161\libgcc.a(_df_to_si.o)
                0x0000000080011a8c                __fixdfsi
 .text.__floatunsidf
                0x0000000080011ada       0x32 c:/hightec/toolchains/tricore/v4.9.3.0-infineon-1.0/bin/../lib/gcc/tricore/4.9.4/tc161\libgcc.a(_usi_to_df.o)
                0x0000000080011ada                __floatunsidf
 .text.__udivdi3
                0x0000000080011b0c       0xa0 c:/hightec/toolchains/tricore/v4.9.3.0-infineon-1.0/bin/../lib/gcc/tricore/4.9.4/tc161\libgcc.a(udivdi3.o)
                0x0000000080011b0c                __udivdi3
 .text.__umoddi3
                0x0000000080011bac       0x26 c:/hightec/toolchains/tricore/v4.9.3.0-infineon-1.0/bin/../lib/gcc/tricore/4.9.4/tc161\libgcc.a(umoddi3.o)
                0x0000000080011bac                __umoddi3
 .text.libgcc   0x0000000080011bd2       0x1a c:/hightec/toolchains/tricore/v4.9.3.0-infineon-1.0/bin/../lib/gcc/tricore/4.9.4/tc161\libgcc.a(_ashldi3.o)
                0x0000000080011bd2                __ashldi3
 .text.libgcc   0x0000000080011bec       0x26 c:/hightec/toolchains/tricore/v4.9.3.0-infineon-1.0/bin/../lib/gcc/tricore/4.9.4/tc161\libgcc.a(_lshrdi3.o)
                0x0000000080011bec                __lshrdi3
 .text.__pack_d
                0x0000000080011c12      0x112 c:/hightec/toolchains/tricore/v4.9.3.0-infineon-1.0/bin/../lib/gcc/tricore/4.9.4/tc161\libgcc.a(_pack_df.o)
                0x0000000080011c12                __pack_d
 .text.__unpack_d
                0x0000000080011d24       0xac c:/hightec/toolchains/tricore/v4.9.3.0-infineon-1.0/bin/../lib/gcc/tricore/4.9.4/tc161\libgcc.a(_unpack_df.o)
                0x0000000080011d24                __unpack_d
 .text.__fpcmp_parts_d
                0x0000000080011dd0       0xa6 c:/hightec/toolchains/tricore/v4.9.3.0-infineon-1.0/bin/../lib/gcc/tricore/4.9.4/tc161\libgcc.a(_fpcmp_parts_df.o)
                0x0000000080011dd0                __fpcmp_parts_d
 .text.__udiv6432
                0x0000000080011e76       0x9c c:/hightec/toolchains/tricore/v4.9.3.0-infineon-1.0/bin/../lib/gcc/tricore/4.9.4/tc161\libgcc.a(udiv6432.o)
                0x0000000080011e76                __udiv6432
 *(.gnu.linkonce.t.*)
 *(.gnu.warning)
                0x0000000080011f18                . = ALIGN (0x8)
 *fill*         0x0000000080011f12        0x6 00

.inttab         memory region -> PMI_PSPR2
                0x0000000050100000     0x2000
 .inttab        0x0000000050100000     0x2000 c:/hightec/toolchains/tricore/v4.9.3.0-infineon-1.0/bin/../lib/gcc/tricore/4.9.4/../../../../tricore/lib/tc161\libos.a(cinttab.o)
                0x0000000050100000                TriCore_int_table
                0x0000000050100020                ___interrupt_1
                0x0000000050100040                __interrupt_2
                0x0000000050100060                __interrupt_3
                0x0000000050100080                __interrupt_4
                0x00000000501000a0                __interrupt_5
                0x00000000501000c0                __interrupt_6
                0x00000000501000e0                __interrupt_7
                0x0000000050100100                __interrupt_8
                0x0000000050100120                __interrupt_9
                0x0000000050100140                __interrupt_10
                0x0000000050100160                __interrupt_11
                0x0000000050100180                __interrupt_12
                0x00000000501001a0                __interrupt_13
                0x00000000501001c0                __interrupt_14
                0x00000000501001e0                __interrupt_15
                0x0000000050100200                __interrupt_16
                0x0000000050100220                __interrupt_17
                0x0000000050100240                __interrupt_18
                0x0000000050100260                __interrupt_19
                0x0000000050100280                __interrupt_20
                0x00000000501002a0                __interrupt_21
                0x00000000501002c0                __interrupt_22
                0x00000000501002e0                __interrupt_23
                0x0000000050100300                __interrupt_24
                0x0000000050100320                __interrupt_25
                0x0000000050100340                __interrupt_26
                0x0000000050100360                __interrupt_27
                0x0000000050100380                __interrupt_28
                0x00000000501003a0                __interrupt_29
                0x00000000501003c0                __interrupt_30
                0x00000000501003e0                __interrupt_31
                0x0000000050100400                __interrupt_32
                0x0000000050100420                __interrupt_33
                0x0000000050100440                __interrupt_34
                0x0000000050100460                __interrupt_35
                0x0000000050100480                __interrupt_36
                0x00000000501004a0                __interrupt_37
                0x00000000501004c0                __interrupt_38
                0x00000000501004e0                __interrupt_39
                0x0000000050100500                __interrupt_40
                0x0000000050100520                __interrupt_41
                0x0000000050100540                __interrupt_42
                0x0000000050100560                __interrupt_43
                0x0000000050100580                __interrupt_44
                0x00000000501005a0                __interrupt_45
                0x00000000501005c0                __interrupt_46
                0x00000000501005e0                __interrupt_47
                0x0000000050100600                __interrupt_48
                0x0000000050100620                __interrupt_49
                0x0000000050100640                __interrupt_50
                0x0000000050100660                __interrupt_51
                0x0000000050100680                __interrupt_52
                0x00000000501006a0                __interrupt_53
                0x00000000501006c0                __interrupt_54
                0x00000000501006e0                __interrupt_55
                0x0000000050100700                __interrupt_56
                0x0000000050100720                __interrupt_57
                0x0000000050100740                __interrupt_58
                0x0000000050100760                __interrupt_59
                0x0000000050100780                __interrupt_60
                0x00000000501007a0                __interrupt_61
                0x00000000501007c0                __interrupt_62
                0x00000000501007e0                __interrupt_63
                0x0000000050100800                __interrupt_64
                0x0000000050100820                __interrupt_65
                0x0000000050100840                __interrupt_66
                0x0000000050100860                __interrupt_67
                0x0000000050100880                __interrupt_68
                0x00000000501008a0                __interrupt_69
                0x00000000501008c0                __interrupt_70
                0x00000000501008e0                __interrupt_71
                0x0000000050100900                __interrupt_72
                0x0000000050100920                __interrupt_73
                0x0000000050100940                __interrupt_74
                0x0000000050100960                __interrupt_75
                0x0000000050100980                __interrupt_76
                0x00000000501009a0                __interrupt_77
                0x00000000501009c0                __interrupt_78
                0x00000000501009e0                __interrupt_79
                0x0000000050100a00                __interrupt_80
                0x0000000050100a20                __interrupt_81
                0x0000000050100a40                __interrupt_82
                0x0000000050100a60                __interrupt_83
                0x0000000050100a80                __interrupt_84
                0x0000000050100aa0                __interrupt_85
                0x0000000050100ac0                __interrupt_86
                0x0000000050100ae0                __interrupt_87
                0x0000000050100b00                __interrupt_88
                0x0000000050100b20                __interrupt_89
                0x0000000050100b40                __interrupt_90
                0x0000000050100b60                __interrupt_91
                0x0000000050100b80                __interrupt_92
                0x0000000050100ba0                __interrupt_93
                0x0000000050100bc0                __interrupt_94
                0x0000000050100be0                __interrupt_95
                0x0000000050100c00                __interrupt_96
                0x0000000050100c20                __interrupt_97
                0x0000000050100c40                __interrupt_98
                0x0000000050100c60                __interrupt_99
                0x0000000050100c80                __interrupt_100
                0x0000000050100ca0                __interrupt_101
                0x0000000050100cc0                __interrupt_102
                0x0000000050100ce0                __interrupt_103
                0x0000000050100d00                __interrupt_104
                0x0000000050100d20                __interrupt_105
                0x0000000050100d40                __interrupt_106
                0x0000000050100d60                __interrupt_107
                0x0000000050100d80                __interrupt_108
                0x0000000050100da0                __interrupt_109
                0x0000000050100dc0                __interrupt_110
                0x0000000050100de0                __interrupt_111
                0x0000000050100e00                __interrupt_112
                0x0000000050100e20                __interrupt_113
                0x0000000050100e40                __interrupt_114
                0x0000000050100e60                __interrupt_115
                0x0000000050100e80                __interrupt_116
                0x0000000050100ea0                __interrupt_117
                0x0000000050100ec0                __interrupt_118
                0x0000000050100ee0                __interrupt_119
                0x0000000050100f00                __interrupt_120
                0x0000000050100f20                __interrupt_121
                0x0000000050100f40                __interrupt_122
                0x0000000050100f60                __interrupt_123
                0x0000000050100f80                __interrupt_124
                0x0000000050100fa0                __interrupt_125
                0x0000000050100fc0                __interrupt_126
                0x0000000050100fe0                __interrupt_127
                0x0000000050101000                __interrupt_128
                0x0000000050101020                __interrupt_129
                0x0000000050101040                __interrupt_130
                0x0000000050101060                __interrupt_131
                0x0000000050101080                __interrupt_132
                0x00000000501010a0                __interrupt_133
                0x00000000501010c0                __interrupt_134
                0x00000000501010e0                __interrupt_135
                0x0000000050101100                __interrupt_136
                0x0000000050101120                __interrupt_137
                0x0000000050101140                __interrupt_138
                0x0000000050101160                __interrupt_139
                0x0000000050101180                __interrupt_140
                0x00000000501011a0                __interrupt_141